---- binascii ----
---- struct ----
---- float_cast ----
---- datetime_iso ----
---- memoryview_cast ----
---- json ----
---- codecs_incremental ----
=================================================================
==1==ERROR: AddressSanitizer: heap-buffer-overflow on address 0x5020000f48b1 at pc 0xffff9bfff068 bp 0xffffe919bd90 sp 0xffffe919bd80
READ of size 1 at 0x5020000f48b1 thread T0
    #0 0xffff9bfff064 in hz_decode Modules/cjkcodecs/_codecs_cn.c:417
    #1 0xffff9c0b426c in decoder_feed_buffer Modules/cjkcodecs/multibytecodec.c:921
    #2 0xffff9c0b6238 in _multibytecodec_MultibyteIncrementalDecoder_decode_impl Modules/cjkcodecs/multibytecodec.c:1214
    #3 0xffff9c0b6238 in _multibytecodec_MultibyteIncrementalDecoder_decode Modules/cjkcodecs/clinic/multibytecodec.c.h:395
    #4 0xaaaae0256320 in _PyObject_VectorcallTstate Include/internal/pycore_call.h:144
    #5 0xaaaae0256320 in PyObject_Vectorcall Objects/call.c:327
    #6 0xaaaae08a1bc8 in _Py_VectorCallInstrumentation_StackRefSteal Python/ceval.c:768
    #7 0xaaaadffd1de8 in _PyEval_EvalFrameDefault Python/generated_cases.c.h:1906
    #8 0xaaaae08c0b1c in _PyEval_EvalFrame Include/internal/pycore_ceval.h:122
    #9 0xaaaae08c0b1c in _PyEval_Vector Python/ceval.c:2174
    #10 0xaaaae08c0b1c in PyEval_EvalCode Python/ceval.c:679
    #11 0xaaaae0abfeb4 in run_mod Python/pythonrun.c:1509
    #12 0xaaaae0ac0d38 in _PyRun_File Python/pythonrun.c:1332
    #13 0xaaaae0ac4ffc in _PyRun_SimpleFile Python/pythonrun.c:544
    #14 0xaaaae0ac8dd0 in _PyRun_AnyFile Python/pythonrun.c:92
    #15 0xaaaae0b9390c in pymain_run_file_obj Modules/main.c:478
    #16 0xaaaae0b9390c in pymain_run_file Modules/main.c:494
    #17 0xaaaae0b9390c in pymain_run_python Modules/main.c:804
    #18 0xaaaae0b9390c in Py_RunMain Modules/main.c:891
    #19 0xaaaae0b95c38 in pymain_main Modules/main.c:921
    #20 0xaaaae0b95c38 in Py_BytesMain Modules/main.c:945
    #21 0xffff9f6f84c0  (/lib/aarch64-linux-gnu/libc.so.6+0x284c0) (BuildId: 27027b96e5b8c475fc327aa445bea1c71d37b4e2)
    #22 0xffff9f6f8594 in __libc_start_main (/lib/aarch64-linux-gnu/libc.so.6+0x28594) (BuildId: 27027b96e5b8c475fc327aa445bea1c71d37b4e2)
    #23 0xaaaae003beec in _start (/src/cpython/python+0x183beec) (BuildId: eba909a3db0adabacf151d7dc3081dda7999191a)

0x5020000f48b1 is located 0 bytes after 1-byte region [0x5020000f48b0,0x5020000f48b1)
allocated by thread T0 here:
    #0 0xffffa00976d0 in malloc ../../../../src/libsanitizer/asan/asan_malloc_linux.cpp:69
    #1 0xffff9c0b6090 in _multibytecodec_MultibyteIncrementalDecoder_decode_impl Modules/cjkcodecs/multibytecodec.c:1201
    #2 0xffff9c0b6090 in _multibytecodec_MultibyteIncrementalDecoder_decode Modules/cjkcodecs/clinic/multibytecodec.c.h:395
    #3 0xaaaae0256320 in _PyObject_VectorcallTstate Include/internal/pycore_call.h:144
    #4 0xaaaae0256320 in PyObject_Vectorcall Objects/call.c:327
    #5 0xaaaae08a1bc8 in _Py_VectorCallInstrumentation_StackRefSteal Python/ceval.c:768
    #6 0xaaaadffd1de8 in _PyEval_EvalFrameDefault Python/generated_cases.c.h:1906
    #7 0xaaaae08c0b1c in _PyEval_EvalFrame Include/internal/pycore_ceval.h:122
    #8 0xaaaae08c0b1c in _PyEval_Vector Python/ceval.c:2174
    #9 0xaaaae08c0b1c in PyEval_EvalCode Python/ceval.c:679
    #10 0xaaaae0abfeb4 in run_mod Python/pythonrun.c:1509
    #11 0xaaaae0ac0d38 in _PyRun_File Python/pythonrun.c:1332
    #12 0xaaaae0ac4ffc in _PyRun_SimpleFile Python/pythonrun.c:544
    #13 0xaaaae0ac8dd0 in _PyRun_AnyFile Python/pythonrun.c:92
    #14 0xaaaae0b9390c in pymain_run_file_obj Modules/main.c:478
    #15 0xaaaae0b9390c in pymain_run_file Modules/main.c:494
    #16 0xaaaae0b9390c in pymain_run_python Modules/main.c:804
    #17 0xaaaae0b9390c in Py_RunMain Modules/main.c:891
    #18 0xaaaae0b95c38 in pymain_main Modules/main.c:921
    #19 0xaaaae0b95c38 in Py_BytesMain Modules/main.c:945
    #20 0xffff9f6f84c0  (/lib/aarch64-linux-gnu/libc.so.6+0x284c0) (BuildId: 27027b96e5b8c475fc327aa445bea1c71d37b4e2)
    #21 0xffff9f6f8594 in __libc_start_main (/lib/aarch64-linux-gnu/libc.so.6+0x28594) (BuildId: 27027b96e5b8c475fc327aa445bea1c71d37b4e2)
    #22 0xaaaae003beec in _start (/src/cpython/python+0x183beec) (BuildId: eba909a3db0adabacf151d7dc3081dda7999191a)

SUMMARY: AddressSanitizer: heap-buffer-overflow Modules/cjkcodecs/_codecs_cn.c:417 in hz_decode
Shadow bytes around the buggy address:
  0x5020000f4600: fa fa fa fa fa fa fa fa fa fa fa fa fa fa fa fa
  0x5020000f4680: fa fa fa fa fa fa fa fa fa fa fa fa fa fa fa fa
  0x5020000f4700: fa fa fa fa fa fa fa fa fa fa fa fa fa fa fa fa
  0x5020000f4780: fa fa fa fa fa fa fa fa fa fa fa fa fa fa fa fa
  0x5020000f4800: fa fa fa fa fa fa fa fa fa fa fa fa fa fa fa fa
=>0x5020000f4880: fa fa fa fa fa fa[01]fa fa fa fd fa fa fa fd fa
  0x5020000f4900: fa fa fd fa fa fa fd fa fa fa fd fd fa fa fd fa
  0x5020000f4980: fa fa fd fa fa fa fd fa fa fa fd fa fa fa fd fa
  0x5020000f4a00: fa fa fd fa fa fa fd fa fa fa fd fa fa fa fd fd
  0x5020000f4a80: fa fa fd fa fa fa fd fd fa fa fd fd fa fa fd fd
  0x5020000f4b00: fa fa fd fd fa fa fd fd fa fa fd fd fa fa fd fa
Shadow byte legend (one shadow byte represents 8 application bytes):
  Addressable:           00
  Partially addressable: 01 02 03 04 05 06 07 
  Heap left redzone:       fa
  Freed heap region:       fd
  Stack left redzone:      f1
  Stack mid redzone:       f2
  Stack right redzone:     f3
  Stack after return:      f5
  Stack use after scope:   f8
  Global redzone:          f9
  Global init order:       f6
  Poisoned by user:        f7
  Container overflow:      fc
  Array cookie:            ac
  Intra object redzone:    bb
  ASan internal:           fe
  Left alloca redzone:     ca
  Right alloca redzone:    cb
==1==ABORTING
