==41865== Memcheck, a memory error detector
==41865== Copyright (C) 2002-2017, and GNU GPL'd, by Julian Seward et al.
==41865== Using Valgrind-3.18.1 and LibVEX; rerun with -h for copyright info
==41865== Command: ./a.out
==41865== 
==41865== 
==41865== HEAP SUMMARY:
==41865==     in use at exit: 480,154 bytes in 91 blocks
==41865==   total heap usage: 1,696 allocs, 1,605 frees, 3,035,616 bytes allocated
==41865== 
==41865== 20 bytes in 1 blocks are still reachable in loss record 1 of 90
==41865==    at 0x4865058: malloc (in /usr/libexec/valgrind/vgpreload_memcheck-arm64-linux.so)
==41865==    by 0x49B9D57: _PyMem_RawWcsdup (in /usr/lib/aarch64-linux-gnu/libpython3.10.so.1.0)
==41865==    by 0x4A7F363: ??? (in /usr/lib/aarch64-linux-gnu/libpython3.10.so.1.0)
==41865==    by 0x4A846A3: ??? (in /usr/lib/aarch64-linux-gnu/libpython3.10.so.1.0)
==41865==    by 0x4A854A3: Py_InitializeFromConfig (in /usr/lib/aarch64-linux-gnu/libpython3.10.so.1.0)
==41865==    by 0x4A87567: Py_InitializeEx (in /usr/lib/aarch64-linux-gnu/libpython3.10.so.1.0)
==41865==    by 0x1087EF: main (test.c:4)
==41865== 
==41865== 20 bytes in 1 blocks are still reachable in loss record 2 of 90
==41865==    at 0x4865058: malloc (in /usr/libexec/valgrind/vgpreload_memcheck-arm64-linux.so)
==41865==    by 0x49B9D57: _PyMem_RawWcsdup (in /usr/lib/aarch64-linux-gnu/libpython3.10.so.1.0)
==41865==    by 0x4A7F38B: ??? (in /usr/lib/aarch64-linux-gnu/libpython3.10.so.1.0)
==41865==    by 0x4A846A3: ??? (in /usr/lib/aarch64-linux-gnu/libpython3.10.so.1.0)
==41865==    by 0x4A854A3: Py_InitializeFromConfig (in /usr/lib/aarch64-linux-gnu/libpython3.10.so.1.0)
==41865==    by 0x4A87567: Py_InitializeEx (in /usr/lib/aarch64-linux-gnu/libpython3.10.so.1.0)
==41865==    by 0x1087EF: main (test.c:4)
==41865== 
==41865== 32 bytes in 1 blocks are still reachable in loss record 3 of 90
==41865==    at 0x4865058: malloc (in /usr/libexec/valgrind/vgpreload_memcheck-arm64-linux.so)
==41865==    by 0x49B9D57: _PyMem_RawWcsdup (in /usr/lib/aarch64-linux-gnu/libpython3.10.so.1.0)
==41865==    by 0x4A7F3B3: ??? (in /usr/lib/aarch64-linux-gnu/libpython3.10.so.1.0)
==41865==    by 0x4A846A3: ??? (in /usr/lib/aarch64-linux-gnu/libpython3.10.so.1.0)
==41865==    by 0x4A854A3: Py_InitializeFromConfig (in /usr/lib/aarch64-linux-gnu/libpython3.10.so.1.0)
==41865==    by 0x4A87567: Py_InitializeEx (in /usr/lib/aarch64-linux-gnu/libpython3.10.so.1.0)
==41865==    by 0x1087EF: main (test.c:4)
==41865== 
==41865== 68 bytes in 1 blocks are still reachable in loss record 4 of 90
==41865==    at 0x4865058: malloc (in /usr/libexec/valgrind/vgpreload_memcheck-arm64-linux.so)
==41865==    by 0x49B9D57: _PyMem_RawWcsdup (in /usr/lib/aarch64-linux-gnu/libpython3.10.so.1.0)
==41865==    by 0x4A7F33B: ??? (in /usr/lib/aarch64-linux-gnu/libpython3.10.so.1.0)
==41865==    by 0x4A846A3: ??? (in /usr/lib/aarch64-linux-gnu/libpython3.10.so.1.0)
==41865==    by 0x4A854A3: Py_InitializeFromConfig (in /usr/lib/aarch64-linux-gnu/libpython3.10.so.1.0)
==41865==    by 0x4A87567: Py_InitializeEx (in /usr/lib/aarch64-linux-gnu/libpython3.10.so.1.0)
==41865==    by 0x1087EF: main (test.c:4)
==41865== 
==41865== 300 bytes in 1 blocks are still reachable in loss record 5 of 90
==41865==    at 0x4865058: malloc (in /usr/libexec/valgrind/vgpreload_memcheck-arm64-linux.so)
==41865==    by 0x4A7F497: ??? (in /usr/lib/aarch64-linux-gnu/libpython3.10.so.1.0)
==41865==    by 0x4A846A3: ??? (in /usr/lib/aarch64-linux-gnu/libpython3.10.so.1.0)
==41865==    by 0x4A854A3: Py_InitializeFromConfig (in /usr/lib/aarch64-linux-gnu/libpython3.10.so.1.0)
==41865==    by 0x4A87567: Py_InitializeEx (in /usr/lib/aarch64-linux-gnu/libpython3.10.so.1.0)
==41865==    by 0x1087EF: main (test.c:4)
==41865== 
==41865== 516 bytes in 1 blocks are still reachable in loss record 6 of 90
==41865==    at 0x4865058: malloc (in /usr/libexec/valgrind/vgpreload_memcheck-arm64-linux.so)
==41865==    by 0x49BDA1F: ??? (in /usr/lib/aarch64-linux-gnu/libpython3.10.so.1.0)
==41865==    by 0x49E063F: PyUnicode_New (in /usr/lib/aarch64-linux-gnu/libpython3.10.so.1.0)
==41865==    by 0x49ED967: ??? (in /usr/lib/aarch64-linux-gnu/libpython3.10.so.1.0)
==41865==    by 0x49D2EBB: PyType_Ready (in /usr/lib/aarch64-linux-gnu/libpython3.10.so.1.0)
==41865==    by 0x49BA5BB: ??? (in /usr/lib/aarch64-linux-gnu/libpython3.10.so.1.0)
==41865==    by 0x4A821D3: ??? (in /usr/lib/aarch64-linux-gnu/libpython3.10.so.1.0)
==41865==    by 0x4B924B3: ??? (in /usr/lib/aarch64-linux-gnu/libpython3.10.so.1.0)
==41865==    by 0x4A8540F: Py_InitializeFromConfig (in /usr/lib/aarch64-linux-gnu/libpython3.10.so.1.0)
==41865==    by 0x4A87567: Py_InitializeEx (in /usr/lib/aarch64-linux-gnu/libpython3.10.so.1.0)
==41865==    by 0x1087EF: main (test.c:4)
==41865== 
==41865== 545 bytes in 1 blocks are still reachable in loss record 7 of 90
==41865==    at 0x4865058: malloc (in /usr/libexec/valgrind/vgpreload_memcheck-arm64-linux.so)
==41865==    by 0x49BDA1F: ??? (in /usr/lib/aarch64-linux-gnu/libpython3.10.so.1.0)
==41865==    by 0x49E063F: PyUnicode_New (in /usr/lib/aarch64-linux-gnu/libpython3.10.so.1.0)
==41865==    by 0x49ED967: ??? (in /usr/lib/aarch64-linux-gnu/libpython3.10.so.1.0)
==41865==    by 0x49D2EBB: PyType_Ready (in /usr/lib/aarch64-linux-gnu/libpython3.10.so.1.0)
==41865==    by 0x4A7F2AB: PyModule_AddType (in /usr/lib/aarch64-linux-gnu/libpython3.10.so.1.0)
==41865==    by 0x4ADA1EB: PyInit__io (in /usr/lib/aarch64-linux-gnu/libpython3.10.so.1.0)
==41865==    by 0x4B97CCB: ??? (in /usr/lib/aarch64-linux-gnu/libpython3.10.so.1.0)
==41865==    by 0x4A6F923: ??? (in /usr/lib/aarch64-linux-gnu/libpython3.10.so.1.0)
==41865==    by 0x49B544F: ??? (in /usr/lib/aarch64-linux-gnu/libpython3.10.so.1.0)
==41865==    by 0x49015D7: _PyEval_EvalFrameDefault (in /usr/lib/aarch64-linux-gnu/libpython3.10.so.1.0)
==41865==    by 0x4A48BF3: ??? (in /usr/lib/aarch64-linux-gnu/libpython3.10.so.1.0)
==41865== 
==41865== 561 bytes in 1 blocks are still reachable in loss record 8 of 90
==41865==    at 0x4865058: malloc (in /usr/libexec/valgrind/vgpreload_memcheck-arm64-linux.so)
==41865==    by 0x49BDA1F: ??? (in /usr/lib/aarch64-linux-gnu/libpython3.10.so.1.0)
==41865==    by 0x49E063F: PyUnicode_New (in /usr/lib/aarch64-linux-gnu/libpython3.10.so.1.0)
==41865==    by 0x49ED967: ??? (in /usr/lib/aarch64-linux-gnu/libpython3.10.so.1.0)
==41865==    by 0x49D2EBB: PyType_Ready (in /usr/lib/aarch64-linux-gnu/libpython3.10.so.1.0)
==41865==    by 0x49BA1EB: ??? (in /usr/lib/aarch64-linux-gnu/libpython3.10.so.1.0)
==41865==    by 0x4A821D3: ??? (in /usr/lib/aarch64-linux-gnu/libpython3.10.so.1.0)
==41865==    by 0x4B924B3: ??? (in /usr/lib/aarch64-linux-gnu/libpython3.10.so.1.0)
==41865==    by 0x4A8540F: Py_InitializeFromConfig (in /usr/lib/aarch64-linux-gnu/libpython3.10.so.1.0)
==41865==    by 0x4A87567: Py_InitializeEx (in /usr/lib/aarch64-linux-gnu/libpython3.10.so.1.0)
==41865==    by 0x1087EF: main (test.c:4)
==41865== 
==41865== 567 bytes in 1 blocks are still reachable in loss record 9 of 90
==41865==    at 0x4865058: malloc (in /usr/libexec/valgrind/vgpreload_memcheck-arm64-linux.so)
==41865==    by 0x49BDA1F: ??? (in /usr/lib/aarch64-linux-gnu/libpython3.10.so.1.0)
==41865==    by 0x49E063F: PyUnicode_New (in /usr/lib/aarch64-linux-gnu/libpython3.10.so.1.0)
==41865==    by 0x49ED967: ??? (in /usr/lib/aarch64-linux-gnu/libpython3.10.so.1.0)
==41865==    by 0x49D2EBB: PyType_Ready (in /usr/lib/aarch64-linux-gnu/libpython3.10.so.1.0)
==41865==    by 0x4A82C8F: ??? (in /usr/lib/aarch64-linux-gnu/libpython3.10.so.1.0)
==41865==    by 0x4B924B3: ??? (in /usr/lib/aarch64-linux-gnu/libpython3.10.so.1.0)
==41865==    by 0x4A8540F: Py_InitializeFromConfig (in /usr/lib/aarch64-linux-gnu/libpython3.10.so.1.0)
==41865==    by 0x4A87567: Py_InitializeEx (in /usr/lib/aarch64-linux-gnu/libpython3.10.so.1.0)
==41865==    by 0x1087EF: main (test.c:4)
==41865== 
==41865== 576 bytes in 1 blocks are still reachable in loss record 10 of 90
==41865==    at 0x4865058: malloc (in /usr/libexec/valgrind/vgpreload_memcheck-arm64-linux.so)
==41865==    by 0x49BDA1F: ??? (in /usr/lib/aarch64-linux-gnu/libpython3.10.so.1.0)
==41865==    by 0x49A209F: ??? (in /usr/lib/aarch64-linux-gnu/libpython3.10.so.1.0)
==41865==    by 0x49A2253: ??? (in /usr/lib/aarch64-linux-gnu/libpython3.10.so.1.0)
==41865==    by 0x49A7F47: PyDict_SetDefault (in /usr/lib/aarch64-linux-gnu/libpython3.10.so.1.0)
==41865==    by 0x49D2E0B: PyType_Ready (in /usr/lib/aarch64-linux-gnu/libpython3.10.so.1.0)
==41865==    by 0x49BA1BB: ??? (in /usr/lib/aarch64-linux-gnu/libpython3.10.so.1.0)
==41865==    by 0x4A821D3: ??? (in /usr/lib/aarch64-linux-gnu/libpython3.10.so.1.0)
==41865==    by 0x4B924B3: ??? (in /usr/lib/aarch64-linux-gnu/libpython3.10.so.1.0)
==41865==    by 0x4A8540F: Py_InitializeFromConfig (in /usr/lib/aarch64-linux-gnu/libpython3.10.so.1.0)
==41865==    by 0x4A87567: Py_InitializeEx (in /usr/lib/aarch64-linux-gnu/libpython3.10.so.1.0)
==41865==    by 0x1087EF: main (test.c:4)
==41865== 
==41865== 576 bytes in 1 blocks are still reachable in loss record 11 of 90
==41865==    at 0x4865058: malloc (in /usr/libexec/valgrind/vgpreload_memcheck-arm64-linux.so)
==41865==    by 0x49BDA1F: ??? (in /usr/lib/aarch64-linux-gnu/libpython3.10.so.1.0)
==41865==    by 0x49A209F: ??? (in /usr/lib/aarch64-linux-gnu/libpython3.10.so.1.0)
==41865==    by 0x49A2253: ??? (in /usr/lib/aarch64-linux-gnu/libpython3.10.so.1.0)
==41865==    by 0x49A7F47: PyDict_SetDefault (in /usr/lib/aarch64-linux-gnu/libpython3.10.so.1.0)
==41865==    by 0x49D2D97: PyType_Ready (in /usr/lib/aarch64-linux-gnu/libpython3.10.so.1.0)
==41865==    by 0x49BA21B: ??? (in /usr/lib/aarch64-linux-gnu/libpython3.10.so.1.0)
==41865==    by 0x4A821D3: ??? (in /usr/lib/aarch64-linux-gnu/libpython3.10.so.1.0)
==41865==    by 0x4B924B3: ??? (in /usr/lib/aarch64-linux-gnu/libpython3.10.so.1.0)
==41865==    by 0x4A8540F: Py_InitializeFromConfig (in /usr/lib/aarch64-linux-gnu/libpython3.10.so.1.0)
==41865==    by 0x4A87567: Py_InitializeEx (in /usr/lib/aarch64-linux-gnu/libpython3.10.so.1.0)
==41865==    by 0x1087EF: main (test.c:4)
==41865== 
==41865== 576 bytes in 1 blocks are still reachable in loss record 12 of 90
==41865==    at 0x4865058: malloc (in /usr/libexec/valgrind/vgpreload_memcheck-arm64-linux.so)
==41865==    by 0x49BDA1F: ??? (in /usr/lib/aarch64-linux-gnu/libpython3.10.so.1.0)
==41865==    by 0x49A209F: ??? (in /usr/lib/aarch64-linux-gnu/libpython3.10.so.1.0)
==41865==    by 0x49A2253: ??? (in /usr/lib/aarch64-linux-gnu/libpython3.10.so.1.0)
==41865==    by 0x49A310F: ??? (in /usr/lib/aarch64-linux-gnu/libpython3.10.so.1.0)
==41865==    by 0x49D2ED3: PyType_Ready (in /usr/lib/aarch64-linux-gnu/libpython3.10.so.1.0)
==41865==    by 0x49BA25B: ??? (in /usr/lib/aarch64-linux-gnu/libpython3.10.so.1.0)
==41865==    by 0x4A821D3: ??? (in /usr/lib/aarch64-linux-gnu/libpython3.10.so.1.0)
==41865==    by 0x4B924B3: ??? (in /usr/lib/aarch64-linux-gnu/libpython3.10.so.1.0)
==41865==    by 0x4A8540F: Py_InitializeFromConfig (in /usr/lib/aarch64-linux-gnu/libpython3.10.so.1.0)
==41865==    by 0x4A87567: Py_InitializeEx (in /usr/lib/aarch64-linux-gnu/libpython3.10.so.1.0)
==41865==    by 0x1087EF: main (test.c:4)
==41865== 
==41865== 576 bytes in 1 blocks are still reachable in loss record 13 of 90
==41865==    at 0x4865058: malloc (in /usr/libexec/valgrind/vgpreload_memcheck-arm64-linux.so)
==41865==    by 0x49BDA1F: ??? (in /usr/lib/aarch64-linux-gnu/libpython3.10.so.1.0)
==41865==    by 0x49A209F: ??? (in /usr/lib/aarch64-linux-gnu/libpython3.10.so.1.0)
==41865==    by 0x49A2253: ??? (in /usr/lib/aarch64-linux-gnu/libpython3.10.so.1.0)
==41865==    by 0x49A7F47: PyDict_SetDefault (in /usr/lib/aarch64-linux-gnu/libpython3.10.so.1.0)
==41865==    by 0x49D2E63: PyType_Ready (in /usr/lib/aarch64-linux-gnu/libpython3.10.so.1.0)
==41865==    by 0x49BA2AB: ??? (in /usr/lib/aarch64-linux-gnu/libpython3.10.so.1.0)
==41865==    by 0x4A821D3: ??? (in /usr/lib/aarch64-linux-gnu/libpython3.10.so.1.0)
==41865==    by 0x4B924B3: ??? (in /usr/lib/aarch64-linux-gnu/libpython3.10.so.1.0)
==41865==    by 0x4A8540F: Py_InitializeFromConfig (in /usr/lib/aarch64-linux-gnu/libpython3.10.so.1.0)
==41865==    by 0x4A87567: Py_InitializeEx (in /usr/lib/aarch64-linux-gnu/libpython3.10.so.1.0)
==41865==    by 0x1087EF: main (test.c:4)
==41865== 
==41865== 576 bytes in 1 blocks are still reachable in loss record 14 of 90
==41865==    at 0x4865058: malloc (in /usr/libexec/valgrind/vgpreload_memcheck-arm64-linux.so)
==41865==    by 0x49BDA1F: ??? (in /usr/lib/aarch64-linux-gnu/libpython3.10.so.1.0)
==41865==    by 0x49A209F: ??? (in /usr/lib/aarch64-linux-gnu/libpython3.10.so.1.0)
==41865==    by 0x49A2253: ??? (in /usr/lib/aarch64-linux-gnu/libpython3.10.so.1.0)
==41865==    by 0x49A7F47: PyDict_SetDefault (in /usr/lib/aarch64-linux-gnu/libpython3.10.so.1.0)
==41865==    by 0x49D2E0B: PyType_Ready (in /usr/lib/aarch64-linux-gnu/libpython3.10.so.1.0)
==41865==    by 0x49BA39B: ??? (in /usr/lib/aarch64-linux-gnu/libpython3.10.so.1.0)
==41865==    by 0x4A821D3: ??? (in /usr/lib/aarch64-linux-gnu/libpython3.10.so.1.0)
==41865==    by 0x4B924B3: ??? (in /usr/lib/aarch64-linux-gnu/libpython3.10.so.1.0)
==41865==    by 0x4A8540F: Py_InitializeFromConfig (in /usr/lib/aarch64-linux-gnu/libpython3.10.so.1.0)
==41865==    by 0x4A87567: Py_InitializeEx (in /usr/lib/aarch64-linux-gnu/libpython3.10.so.1.0)
==41865==    by 0x1087EF: main (test.c:4)
==41865== 
==41865== 576 bytes in 1 blocks are still reachable in loss record 15 of 90
==41865==    at 0x4865058: malloc (in /usr/libexec/valgrind/vgpreload_memcheck-arm64-linux.so)
==41865==    by 0x49BDA1F: ??? (in /usr/lib/aarch64-linux-gnu/libpython3.10.so.1.0)
==41865==    by 0x49A209F: ??? (in /usr/lib/aarch64-linux-gnu/libpython3.10.so.1.0)
==41865==    by 0x49A2253: ??? (in /usr/lib/aarch64-linux-gnu/libpython3.10.so.1.0)
==41865==    by 0x49A7F47: PyDict_SetDefault (in /usr/lib/aarch64-linux-gnu/libpython3.10.so.1.0)
==41865==    by 0x49D2E63: PyType_Ready (in /usr/lib/aarch64-linux-gnu/libpython3.10.so.1.0)
==41865==    by 0x49BA3BB: ??? (in /usr/lib/aarch64-linux-gnu/libpython3.10.so.1.0)
==41865==    by 0x4A821D3: ??? (in /usr/lib/aarch64-linux-gnu/libpython3.10.so.1.0)
==41865==    by 0x4B924B3: ??? (in /usr/lib/aarch64-linux-gnu/libpython3.10.so.1.0)
==41865==    by 0x4A8540F: Py_InitializeFromConfig (in /usr/lib/aarch64-linux-gnu/libpython3.10.so.1.0)
==41865==    by 0x4A87567: Py_InitializeEx (in /usr/lib/aarch64-linux-gnu/libpython3.10.so.1.0)
==41865==    by 0x1087EF: main (test.c:4)
==41865== 
==41865== 576 bytes in 1 blocks are still reachable in loss record 16 of 90
==41865==    at 0x4865058: malloc (in /usr/libexec/valgrind/vgpreload_memcheck-arm64-linux.so)
==41865==    by 0x49BDA1F: ??? (in /usr/lib/aarch64-linux-gnu/libpython3.10.so.1.0)
==41865==    by 0x49A209F: ??? (in /usr/lib/aarch64-linux-gnu/libpython3.10.so.1.0)
==41865==    by 0x49A2253: ??? (in /usr/lib/aarch64-linux-gnu/libpython3.10.so.1.0)
==41865==    by 0x49A7F47: PyDict_SetDefault (in /usr/lib/aarch64-linux-gnu/libpython3.10.so.1.0)
==41865==    by 0x49D2E63: PyType_Ready (in /usr/lib/aarch64-linux-gnu/libpython3.10.so.1.0)
==41865==    by 0x49BA3CB: ??? (in /usr/lib/aarch64-linux-gnu/libpython3.10.so.1.0)
==41865==    by 0x4A821D3: ??? (in /usr/lib/aarch64-linux-gnu/libpython3.10.so.1.0)
==41865==    by 0x4B924B3: ??? (in /usr/lib/aarch64-linux-gnu/libpython3.10.so.1.0)
==41865==    by 0x4A8540F: Py_InitializeFromConfig (in /usr/lib/aarch64-linux-gnu/libpython3.10.so.1.0)
==41865==    by 0x4A87567: Py_InitializeEx (in /usr/lib/aarch64-linux-gnu/libpython3.10.so.1.0)
==41865==    by 0x1087EF: main (test.c:4)
==41865== 
==41865== 576 bytes in 1 blocks are still reachable in loss record 17 of 90
==41865==    at 0x4865058: malloc (in /usr/libexec/valgrind/vgpreload_memcheck-arm64-linux.so)
==41865==    by 0x49BDA1F: ??? (in /usr/lib/aarch64-linux-gnu/libpython3.10.so.1.0)
==41865==    by 0x49A209F: ??? (in /usr/lib/aarch64-linux-gnu/libpython3.10.so.1.0)
==41865==    by 0x49A2253: ??? (in /usr/lib/aarch64-linux-gnu/libpython3.10.so.1.0)
==41865==    by 0x49A310F: ??? (in /usr/lib/aarch64-linux-gnu/libpython3.10.so.1.0)
==41865==    by 0x49D2D23: PyType_Ready (in /usr/lib/aarch64-linux-gnu/libpython3.10.so.1.0)
==41865==    by 0x49BA3EB: ??? (in /usr/lib/aarch64-linux-gnu/libpython3.10.so.1.0)
==41865==    by 0x4A821D3: ??? (in /usr/lib/aarch64-linux-gnu/libpython3.10.so.1.0)
==41865==    by 0x4B924B3: ??? (in /usr/lib/aarch64-linux-gnu/libpython3.10.so.1.0)
==41865==    by 0x4A8540F: Py_InitializeFromConfig (in /usr/lib/aarch64-linux-gnu/libpython3.10.so.1.0)
==41865==    by 0x4A87567: Py_InitializeEx (in /usr/lib/aarch64-linux-gnu/libpython3.10.so.1.0)
==41865==    by 0x1087EF: main (test.c:4)
==41865== 
==41865== 576 bytes in 1 blocks are still reachable in loss record 18 of 90
==41865==    at 0x4865058: malloc (in /usr/libexec/valgrind/vgpreload_memcheck-arm64-linux.so)
==41865==    by 0x49BDA1F: ??? (in /usr/lib/aarch64-linux-gnu/libpython3.10.so.1.0)
==41865==    by 0x49A209F: ??? (in /usr/lib/aarch64-linux-gnu/libpython3.10.so.1.0)
==41865==    by 0x49A2253: ??? (in /usr/lib/aarch64-linux-gnu/libpython3.10.so.1.0)
==41865==    by 0x49A310F: ??? (in /usr/lib/aarch64-linux-gnu/libpython3.10.so.1.0)
==41865==    by 0x49D2D23: PyType_Ready (in /usr/lib/aarch64-linux-gnu/libpython3.10.so.1.0)
==41865==    by 0x49BA47B: ??? (in /usr/lib/aarch64-linux-gnu/libpython3.10.so.1.0)
==41865==    by 0x4A821D3: ??? (in /usr/lib/aarch64-linux-gnu/libpython3.10.so.1.0)
==41865==    by 0x4B924B3: ??? (in /usr/lib/aarch64-linux-gnu/libpython3.10.so.1.0)
==41865==    by 0x4A8540F: Py_InitializeFromConfig (in /usr/lib/aarch64-linux-gnu/libpython3.10.so.1.0)
==41865==    by 0x4A87567: Py_InitializeEx (in /usr/lib/aarch64-linux-gnu/libpython3.10.so.1.0)
==41865==    by 0x1087EF: main (test.c:4)
==41865== 
==41865== 576 bytes in 1 blocks are still reachable in loss record 19 of 90
==41865==    at 0x4865058: malloc (in /usr/libexec/valgrind/vgpreload_memcheck-arm64-linux.so)
==41865==    by 0x49BDA1F: ??? (in /usr/lib/aarch64-linux-gnu/libpython3.10.so.1.0)
==41865==    by 0x49A209F: ??? (in /usr/lib/aarch64-linux-gnu/libpython3.10.so.1.0)
==41865==    by 0x49A2253: ??? (in /usr/lib/aarch64-linux-gnu/libpython3.10.so.1.0)
==41865==    by 0x49A7F47: PyDict_SetDefault (in /usr/lib/aarch64-linux-gnu/libpython3.10.so.1.0)
==41865==    by 0x49D2E0B: PyType_Ready (in /usr/lib/aarch64-linux-gnu/libpython3.10.so.1.0)
==41865==    by 0x49BA50B: ??? (in /usr/lib/aarch64-linux-gnu/libpython3.10.so.1.0)
==41865==    by 0x4A821D3: ??? (in /usr/lib/aarch64-linux-gnu/libpython3.10.so.1.0)
==41865==    by 0x4B924B3: ??? (in /usr/lib/aarch64-linux-gnu/libpython3.10.so.1.0)
==41865==    by 0x4A8540F: Py_InitializeFromConfig (in /usr/lib/aarch64-linux-gnu/libpython3.10.so.1.0)
==41865==    by 0x4A87567: Py_InitializeEx (in /usr/lib/aarch64-linux-gnu/libpython3.10.so.1.0)
==41865==    by 0x1087EF: main (test.c:4)
==41865== 
==41865== 576 bytes in 1 blocks are still reachable in loss record 20 of 90
==41865==    at 0x4865058: malloc (in /usr/libexec/valgrind/vgpreload_memcheck-arm64-linux.so)
==41865==    by 0x49BDA1F: ??? (in /usr/lib/aarch64-linux-gnu/libpython3.10.so.1.0)
==41865==    by 0x49A209F: ??? (in /usr/lib/aarch64-linux-gnu/libpython3.10.so.1.0)
==41865==    by 0x49A2253: ??? (in /usr/lib/aarch64-linux-gnu/libpython3.10.so.1.0)
==41865==    by 0x49A310F: ??? (in /usr/lib/aarch64-linux-gnu/libpython3.10.so.1.0)
==41865==    by 0x49D42FB: PyType_Ready (in /usr/lib/aarch64-linux-gnu/libpython3.10.so.1.0)
==41865==    by 0x49BA54B: ??? (in /usr/lib/aarch64-linux-gnu/libpython3.10.so.1.0)
==41865==    by 0x4A821D3: ??? (in /usr/lib/aarch64-linux-gnu/libpython3.10.so.1.0)
==41865==    by 0x4B924B3: ??? (in /usr/lib/aarch64-linux-gnu/libpython3.10.so.1.0)
==41865==    by 0x4A8540F: Py_InitializeFromConfig (in /usr/lib/aarch64-linux-gnu/libpython3.10.so.1.0)
==41865==    by 0x4A87567: Py_InitializeEx (in /usr/lib/aarch64-linux-gnu/libpython3.10.so.1.0)
==41865==    by 0x1087EF: main (test.c:4)
==41865== 
==41865== 576 bytes in 1 blocks are still reachable in loss record 21 of 90
==41865==    at 0x4865058: malloc (in /usr/libexec/valgrind/vgpreload_memcheck-arm64-linux.so)
==41865==    by 0x49BDA1F: ??? (in /usr/lib/aarch64-linux-gnu/libpython3.10.so.1.0)
==41865==    by 0x49A209F: ??? (in /usr/lib/aarch64-linux-gnu/libpython3.10.so.1.0)
==41865==    by 0x49A2253: ??? (in /usr/lib/aarch64-linux-gnu/libpython3.10.so.1.0)
==41865==    by 0x49A7F47: PyDict_SetDefault (in /usr/lib/aarch64-linux-gnu/libpython3.10.so.1.0)
==41865==    by 0x49D2D97: PyType_Ready (in /usr/lib/aarch64-linux-gnu/libpython3.10.so.1.0)
==41865==    by 0x49BA58B: ??? (in /usr/lib/aarch64-linux-gnu/libpython3.10.so.1.0)
==41865==    by 0x4A821D3: ??? (in /usr/lib/aarch64-linux-gnu/libpython3.10.so.1.0)
==41865==    by 0x4B924B3: ??? (in /usr/lib/aarch64-linux-gnu/libpython3.10.so.1.0)
==41865==    by 0x4A8540F: Py_InitializeFromConfig (in /usr/lib/aarch64-linux-gnu/libpython3.10.so.1.0)
==41865==    by 0x4A87567: Py_InitializeEx (in /usr/lib/aarch64-linux-gnu/libpython3.10.so.1.0)
==41865==    by 0x1087EF: main (test.c:4)
==41865== 
==41865== 576 bytes in 1 blocks are still reachable in loss record 22 of 90
==41865==    at 0x4865058: malloc (in /usr/libexec/valgrind/vgpreload_memcheck-arm64-linux.so)
==41865==    by 0x49BDA1F: ??? (in /usr/lib/aarch64-linux-gnu/libpython3.10.so.1.0)
==41865==    by 0x49A209F: ??? (in /usr/lib/aarch64-linux-gnu/libpython3.10.so.1.0)
==41865==    by 0x49A2253: ??? (in /usr/lib/aarch64-linux-gnu/libpython3.10.so.1.0)
==41865==    by 0x49A310F: ??? (in /usr/lib/aarch64-linux-gnu/libpython3.10.so.1.0)
==41865==    by 0x49D42FB: PyType_Ready (in /usr/lib/aarch64-linux-gnu/libpython3.10.so.1.0)
==41865==    by 0x49BA5AB: ??? (in /usr/lib/aarch64-linux-gnu/libpython3.10.so.1.0)
==41865==    by 0x4A821D3: ??? (in /usr/lib/aarch64-linux-gnu/libpython3.10.so.1.0)
==41865==    by 0x4B924B3: ??? (in /usr/lib/aarch64-linux-gnu/libpython3.10.so.1.0)
==41865==    by 0x4A8540F: Py_InitializeFromConfig (in /usr/lib/aarch64-linux-gnu/libpython3.10.so.1.0)
==41865==    by 0x4A87567: Py_InitializeEx (in /usr/lib/aarch64-linux-gnu/libpython3.10.so.1.0)
==41865==    by 0x1087EF: main (test.c:4)
==41865== 
==41865== 576 bytes in 1 blocks are still reachable in loss record 23 of 90
==41865==    at 0x4865058: malloc (in /usr/libexec/valgrind/vgpreload_memcheck-arm64-linux.so)
==41865==    by 0x49BDA1F: ??? (in /usr/lib/aarch64-linux-gnu/libpython3.10.so.1.0)
==41865==    by 0x49A209F: ??? (in /usr/lib/aarch64-linux-gnu/libpython3.10.so.1.0)
==41865==    by 0x49A2253: ??? (in /usr/lib/aarch64-linux-gnu/libpython3.10.so.1.0)
==41865==    by 0x49A310F: ??? (in /usr/lib/aarch64-linux-gnu/libpython3.10.so.1.0)
==41865==    by 0x49D2D23: PyType_Ready (in /usr/lib/aarch64-linux-gnu/libpython3.10.so.1.0)
==41865==    by 0x49BA68B: ??? (in /usr/lib/aarch64-linux-gnu/libpython3.10.so.1.0)
==41865==    by 0x4A821D3: ??? (in /usr/lib/aarch64-linux-gnu/libpython3.10.so.1.0)
==41865==    by 0x4B924B3: ??? (in /usr/lib/aarch64-linux-gnu/libpython3.10.so.1.0)
==41865==    by 0x4A8540F: Py_InitializeFromConfig (in /usr/lib/aarch64-linux-gnu/libpython3.10.so.1.0)
==41865==    by 0x4A87567: Py_InitializeEx (in /usr/lib/aarch64-linux-gnu/libpython3.10.so.1.0)
==41865==    by 0x1087EF: main (test.c:4)
==41865== 
==41865== 576 bytes in 1 blocks are still reachable in loss record 24 of 90
==41865==    at 0x4865058: malloc (in /usr/libexec/valgrind/vgpreload_memcheck-arm64-linux.so)
==41865==    by 0x49BDA1F: ??? (in /usr/lib/aarch64-linux-gnu/libpython3.10.so.1.0)
==41865==    by 0x49A209F: ??? (in /usr/lib/aarch64-linux-gnu/libpython3.10.so.1.0)
==41865==    by 0x49A2253: ??? (in /usr/lib/aarch64-linux-gnu/libpython3.10.so.1.0)
==41865==    by 0x49A7F47: PyDict_SetDefault (in /usr/lib/aarch64-linux-gnu/libpython3.10.so.1.0)
==41865==    by 0x49D2D97: PyType_Ready (in /usr/lib/aarch64-linux-gnu/libpython3.10.so.1.0)
==41865==    by 0x49BA6AB: ??? (in /usr/lib/aarch64-linux-gnu/libpython3.10.so.1.0)
==41865==    by 0x4A821D3: ??? (in /usr/lib/aarch64-linux-gnu/libpython3.10.so.1.0)
==41865==    by 0x4B924B3: ??? (in /usr/lib/aarch64-linux-gnu/libpython3.10.so.1.0)
==41865==    by 0x4A8540F: Py_InitializeFromConfig (in /usr/lib/aarch64-linux-gnu/libpython3.10.so.1.0)
==41865==    by 0x4A87567: Py_InitializeEx (in /usr/lib/aarch64-linux-gnu/libpython3.10.so.1.0)
==41865==    by 0x1087EF: main (test.c:4)
==41865== 
==41865== 576 bytes in 1 blocks are still reachable in loss record 25 of 90
==41865==    at 0x4865058: malloc (in /usr/libexec/valgrind/vgpreload_memcheck-arm64-linux.so)
==41865==    by 0x49BDA1F: ??? (in /usr/lib/aarch64-linux-gnu/libpython3.10.so.1.0)
==41865==    by 0x49A209F: ??? (in /usr/lib/aarch64-linux-gnu/libpython3.10.so.1.0)
==41865==    by 0x49A2253: ??? (in /usr/lib/aarch64-linux-gnu/libpython3.10.so.1.0)
==41865==    by 0x49A310F: ??? (in /usr/lib/aarch64-linux-gnu/libpython3.10.so.1.0)
==41865==    by 0x49D2D23: PyType_Ready (in /usr/lib/aarch64-linux-gnu/libpython3.10.so.1.0)
==41865==    by 0x49BA6BB: ??? (in /usr/lib/aarch64-linux-gnu/libpython3.10.so.1.0)
==41865==    by 0x4A821D3: ??? (in /usr/lib/aarch64-linux-gnu/libpython3.10.so.1.0)
==41865==    by 0x4B924B3: ??? (in /usr/lib/aarch64-linux-gnu/libpython3.10.so.1.0)
==41865==    by 0x4A8540F: Py_InitializeFromConfig (in /usr/lib/aarch64-linux-gnu/libpython3.10.so.1.0)
==41865==    by 0x4A87567: Py_InitializeEx (in /usr/lib/aarch64-linux-gnu/libpython3.10.so.1.0)
==41865==    by 0x1087EF: main (test.c:4)
==41865== 
==41865== 576 bytes in 1 blocks are still reachable in loss record 26 of 90
==41865==    at 0x4865058: malloc (in /usr/libexec/valgrind/vgpreload_memcheck-arm64-linux.so)
==41865==    by 0x49BDA1F: ??? (in /usr/lib/aarch64-linux-gnu/libpython3.10.so.1.0)
==41865==    by 0x49A209F: ??? (in /usr/lib/aarch64-linux-gnu/libpython3.10.so.1.0)
==41865==    by 0x49A2253: ??? (in /usr/lib/aarch64-linux-gnu/libpython3.10.so.1.0)
==41865==    by 0x49A310F: ??? (in /usr/lib/aarch64-linux-gnu/libpython3.10.so.1.0)
==41865==    by 0x49D2D23: PyType_Ready (in /usr/lib/aarch64-linux-gnu/libpython3.10.so.1.0)
==41865==    by 0x49BA70B: ??? (in /usr/lib/aarch64-linux-gnu/libpython3.10.so.1.0)
==41865==    by 0x4A821D3: ??? (in /usr/lib/aarch64-linux-gnu/libpython3.10.so.1.0)
==41865==    by 0x4B924B3: ??? (in /usr/lib/aarch64-linux-gnu/libpython3.10.so.1.0)
==41865==    by 0x4A8540F: Py_InitializeFromConfig (in /usr/lib/aarch64-linux-gnu/libpython3.10.so.1.0)
==41865==    by 0x4A87567: Py_InitializeEx (in /usr/lib/aarch64-linux-gnu/libpython3.10.so.1.0)
==41865==    by 0x1087EF: main (test.c:4)
==41865== 
==41865== 576 bytes in 1 blocks are still reachable in loss record 27 of 90
==41865==    at 0x4865058: malloc (in /usr/libexec/valgrind/vgpreload_memcheck-arm64-linux.so)
==41865==    by 0x49BDA1F: ??? (in /usr/lib/aarch64-linux-gnu/libpython3.10.so.1.0)
==41865==    by 0x49A209F: ??? (in /usr/lib/aarch64-linux-gnu/libpython3.10.so.1.0)
==41865==    by 0x49A2253: ??? (in /usr/lib/aarch64-linux-gnu/libpython3.10.so.1.0)
==41865==    by 0x49A310F: ??? (in /usr/lib/aarch64-linux-gnu/libpython3.10.so.1.0)
==41865==    by 0x49D2D23: PyType_Ready (in /usr/lib/aarch64-linux-gnu/libpython3.10.so.1.0)
==41865==    by 0x49BA71B: ??? (in /usr/lib/aarch64-linux-gnu/libpython3.10.so.1.0)
==41865==    by 0x4A821D3: ??? (in /usr/lib/aarch64-linux-gnu/libpython3.10.so.1.0)
==41865==    by 0x4B924B3: ??? (in /usr/lib/aarch64-linux-gnu/libpython3.10.so.1.0)
==41865==    by 0x4A8540F: Py_InitializeFromConfig (in /usr/lib/aarch64-linux-gnu/libpython3.10.so.1.0)
==41865==    by 0x4A87567: Py_InitializeEx (in /usr/lib/aarch64-linux-gnu/libpython3.10.so.1.0)
==41865==    by 0x1087EF: main (test.c:4)
==41865== 
==41865== 576 bytes in 1 blocks are still reachable in loss record 28 of 90
==41865==    at 0x4865058: malloc (in /usr/libexec/valgrind/vgpreload_memcheck-arm64-linux.so)
==41865==    by 0x49BDA1F: ??? (in /usr/lib/aarch64-linux-gnu/libpython3.10.so.1.0)
==41865==    by 0x49A209F: ??? (in /usr/lib/aarch64-linux-gnu/libpython3.10.so.1.0)
==41865==    by 0x49A2253: ??? (in /usr/lib/aarch64-linux-gnu/libpython3.10.so.1.0)
==41865==    by 0x49A7F47: PyDict_SetDefault (in /usr/lib/aarch64-linux-gnu/libpython3.10.so.1.0)
==41865==    by 0x49D2E0B: PyType_Ready (in /usr/lib/aarch64-linux-gnu/libpython3.10.so.1.0)
==41865==    by 0x49C9A4B: _PyStructSequence_InitType (in /usr/lib/aarch64-linux-gnu/libpython3.10.so.1.0)
==41865==    by 0x4A8224F: ??? (in /usr/lib/aarch64-linux-gnu/libpython3.10.so.1.0)
==41865==    by 0x4B924B3: ??? (in /usr/lib/aarch64-linux-gnu/libpython3.10.so.1.0)
==41865==    by 0x4A8540F: Py_InitializeFromConfig (in /usr/lib/aarch64-linux-gnu/libpython3.10.so.1.0)
==41865==    by 0x4A87567: Py_InitializeEx (in /usr/lib/aarch64-linux-gnu/libpython3.10.so.1.0)
==41865==    by 0x1087EF: main (test.c:4)
==41865== 
==41865== 576 bytes in 1 blocks are still reachable in loss record 29 of 90
==41865==    at 0x4865058: malloc (in /usr/libexec/valgrind/vgpreload_memcheck-arm64-linux.so)
==41865==    by 0x49BDA1F: ??? (in /usr/lib/aarch64-linux-gnu/libpython3.10.so.1.0)
==41865==    by 0x49A209F: ??? (in /usr/lib/aarch64-linux-gnu/libpython3.10.so.1.0)
==41865==    by 0x49A2253: ??? (in /usr/lib/aarch64-linux-gnu/libpython3.10.so.1.0)
==41865==    by 0x49A7F47: PyDict_SetDefault (in /usr/lib/aarch64-linux-gnu/libpython3.10.so.1.0)
==41865==    by 0x49D2E0B: PyType_Ready (in /usr/lib/aarch64-linux-gnu/libpython3.10.so.1.0)
==41865==    by 0x497FD5B: ??? (in /usr/lib/aarch64-linux-gnu/libpython3.10.so.1.0)
==41865==    by 0x4A815B3: ??? (in /usr/lib/aarch64-linux-gnu/libpython3.10.so.1.0)
==41865==    by 0x4B924B3: ??? (in /usr/lib/aarch64-linux-gnu/libpython3.10.so.1.0)
==41865==    by 0x4A8540F: Py_InitializeFromConfig (in /usr/lib/aarch64-linux-gnu/libpython3.10.so.1.0)
==41865==    by 0x4A87567: Py_InitializeEx (in /usr/lib/aarch64-linux-gnu/libpython3.10.so.1.0)
==41865==    by 0x1087EF: main (test.c:4)
==41865== 
==41865== 576 bytes in 1 blocks are still reachable in loss record 30 of 90
==41865==    at 0x4865058: malloc (in /usr/libexec/valgrind/vgpreload_memcheck-arm64-linux.so)
==41865==    by 0x49BDA1F: ??? (in /usr/lib/aarch64-linux-gnu/libpython3.10.so.1.0)
==41865==    by 0x49A209F: ??? (in /usr/lib/aarch64-linux-gnu/libpython3.10.so.1.0)
==41865==    by 0x49A2253: ??? (in /usr/lib/aarch64-linux-gnu/libpython3.10.so.1.0)
==41865==    by 0x49A310F: ??? (in /usr/lib/aarch64-linux-gnu/libpython3.10.so.1.0)
==41865==    by 0x49D2ED3: PyType_Ready (in /usr/lib/aarch64-linux-gnu/libpython3.10.so.1.0)
==41865==    by 0x497FFDF: ??? (in /usr/lib/aarch64-linux-gnu/libpython3.10.so.1.0)
==41865==    by 0x4A815B3: ??? (in /usr/lib/aarch64-linux-gnu/libpython3.10.so.1.0)
==41865==    by 0x4B924B3: ??? (in /usr/lib/aarch64-linux-gnu/libpython3.10.so.1.0)
==41865==    by 0x4A8540F: Py_InitializeFromConfig (in /usr/lib/aarch64-linux-gnu/libpython3.10.so.1.0)
==41865==    by 0x4A87567: Py_InitializeEx (in /usr/lib/aarch64-linux-gnu/libpython3.10.so.1.0)
==41865==    by 0x1087EF: main (test.c:4)
==41865== 
==41865== 576 bytes in 1 blocks are still reachable in loss record 31 of 90
==41865==    at 0x4865058: malloc (in /usr/libexec/valgrind/vgpreload_memcheck-arm64-linux.so)
==41865==    by 0x49BDA1F: ??? (in /usr/lib/aarch64-linux-gnu/libpython3.10.so.1.0)
==41865==    by 0x49A209F: ??? (in /usr/lib/aarch64-linux-gnu/libpython3.10.so.1.0)
==41865==    by 0x49A2253: ??? (in /usr/lib/aarch64-linux-gnu/libpython3.10.so.1.0)
==41865==    by 0x49A310F: ??? (in /usr/lib/aarch64-linux-gnu/libpython3.10.so.1.0)
==41865==    by 0x49D2ACF: ??? (in /usr/lib/aarch64-linux-gnu/libpython3.10.so.1.0)
==41865==    by 0x49D335F: PyType_Ready (in /usr/lib/aarch64-linux-gnu/libpython3.10.so.1.0)
==41865==    by 0x49800DB: ??? (in /usr/lib/aarch64-linux-gnu/libpython3.10.so.1.0)
==41865==    by 0x4A815B3: ??? (in /usr/lib/aarch64-linux-gnu/libpython3.10.so.1.0)
==41865==    by 0x4B924B3: ??? (in /usr/lib/aarch64-linux-gnu/libpython3.10.so.1.0)
==41865==    by 0x4A8540F: Py_InitializeFromConfig (in /usr/lib/aarch64-linux-gnu/libpython3.10.so.1.0)
==41865==    by 0x4A87567: Py_InitializeEx (in /usr/lib/aarch64-linux-gnu/libpython3.10.so.1.0)
==41865== 
==41865== 576 bytes in 1 blocks are still reachable in loss record 32 of 90
==41865==    at 0x4865058: malloc (in /usr/libexec/valgrind/vgpreload_memcheck-arm64-linux.so)
==41865==    by 0x49BDA1F: ??? (in /usr/lib/aarch64-linux-gnu/libpython3.10.so.1.0)
==41865==    by 0x49A209F: ??? (in /usr/lib/aarch64-linux-gnu/libpython3.10.so.1.0)
==41865==    by 0x49A2253: ??? (in /usr/lib/aarch64-linux-gnu/libpython3.10.so.1.0)
==41865==    by 0x49A310F: ??? (in /usr/lib/aarch64-linux-gnu/libpython3.10.so.1.0)
==41865==    by 0x49D2ACF: ??? (in /usr/lib/aarch64-linux-gnu/libpython3.10.so.1.0)
==41865==    by 0x49D335F: PyType_Ready (in /usr/lib/aarch64-linux-gnu/libpython3.10.so.1.0)
==41865==    by 0x4980443: ??? (in /usr/lib/aarch64-linux-gnu/libpython3.10.so.1.0)
==41865==    by 0x4A815B3: ??? (in /usr/lib/aarch64-linux-gnu/libpython3.10.so.1.0)
==41865==    by 0x4B924B3: ??? (in /usr/lib/aarch64-linux-gnu/libpython3.10.so.1.0)
==41865==    by 0x4A8540F: Py_InitializeFromConfig (in /usr/lib/aarch64-linux-gnu/libpython3.10.so.1.0)
==41865==    by 0x4A87567: Py_InitializeEx (in /usr/lib/aarch64-linux-gnu/libpython3.10.so.1.0)
==41865== 
==41865== 576 bytes in 1 blocks are still reachable in loss record 33 of 90
==41865==    at 0x4865058: malloc (in /usr/libexec/valgrind/vgpreload_memcheck-arm64-linux.so)
==41865==    by 0x49BDA1F: ??? (in /usr/lib/aarch64-linux-gnu/libpython3.10.so.1.0)
==41865==    by 0x49A209F: ??? (in /usr/lib/aarch64-linux-gnu/libpython3.10.so.1.0)
==41865==    by 0x49A2253: ??? (in /usr/lib/aarch64-linux-gnu/libpython3.10.so.1.0)
==41865==    by 0x49A310F: ??? (in /usr/lib/aarch64-linux-gnu/libpython3.10.so.1.0)
==41865==    by 0x49D2ACF: ??? (in /usr/lib/aarch64-linux-gnu/libpython3.10.so.1.0)
==41865==    by 0x49D335F: PyType_Ready (in /usr/lib/aarch64-linux-gnu/libpython3.10.so.1.0)
==41865==    by 0x497FB63: ??? (in /usr/lib/aarch64-linux-gnu/libpython3.10.so.1.0)
==41865==    by 0x4A815B3: ??? (in /usr/lib/aarch64-linux-gnu/libpython3.10.so.1.0)
==41865==    by 0x4B924B3: ??? (in /usr/lib/aarch64-linux-gnu/libpython3.10.so.1.0)
==41865==    by 0x4A8540F: Py_InitializeFromConfig (in /usr/lib/aarch64-linux-gnu/libpython3.10.so.1.0)
==41865==    by 0x4A87567: Py_InitializeEx (in /usr/lib/aarch64-linux-gnu/libpython3.10.so.1.0)
==41865== 
==41865== 576 bytes in 1 blocks are still reachable in loss record 34 of 90
==41865==    at 0x4865058: malloc (in /usr/libexec/valgrind/vgpreload_memcheck-arm64-linux.so)
==41865==    by 0x49BDA1F: ??? (in /usr/lib/aarch64-linux-gnu/libpython3.10.so.1.0)
==41865==    by 0x49A209F: ??? (in /usr/lib/aarch64-linux-gnu/libpython3.10.so.1.0)
==41865==    by 0x49A2253: ??? (in /usr/lib/aarch64-linux-gnu/libpython3.10.so.1.0)
==41865==    by 0x49A310F: ??? (in /usr/lib/aarch64-linux-gnu/libpython3.10.so.1.0)
==41865==    by 0x49A977F: PyDict_SetItemString (in /usr/lib/aarch64-linux-gnu/libpython3.10.so.1.0)
==41865==    by 0x49C9737: ??? (in /usr/lib/aarch64-linux-gnu/libpython3.10.so.1.0)
==41865==    by 0x49C9A73: _PyStructSequence_InitType (in /usr/lib/aarch64-linux-gnu/libpython3.10.so.1.0)
==41865==    by 0x4A8215F: ??? (in /usr/lib/aarch64-linux-gnu/libpython3.10.so.1.0)
==41865==    by 0x4B924B3: ??? (in /usr/lib/aarch64-linux-gnu/libpython3.10.so.1.0)
==41865==    by 0x4A8540F: Py_InitializeFromConfig (in /usr/lib/aarch64-linux-gnu/libpython3.10.so.1.0)
==41865==    by 0x4A87567: Py_InitializeEx (in /usr/lib/aarch64-linux-gnu/libpython3.10.so.1.0)
==41865== 
==41865== 576 bytes in 1 blocks are still reachable in loss record 35 of 90
==41865==    at 0x4865058: malloc (in /usr/libexec/valgrind/vgpreload_memcheck-arm64-linux.so)
==41865==    by 0x49BDA1F: ??? (in /usr/lib/aarch64-linux-gnu/libpython3.10.so.1.0)
==41865==    by 0x49A209F: ??? (in /usr/lib/aarch64-linux-gnu/libpython3.10.so.1.0)
==41865==    by 0x49A2253: ??? (in /usr/lib/aarch64-linux-gnu/libpython3.10.so.1.0)
==41865==    by 0x49A310F: ??? (in /usr/lib/aarch64-linux-gnu/libpython3.10.so.1.0)
==41865==    by 0x49D2D23: PyType_Ready (in /usr/lib/aarch64-linux-gnu/libpython3.10.so.1.0)
==41865==    by 0x4A82287: ??? (in /usr/lib/aarch64-linux-gnu/libpython3.10.so.1.0)
==41865==    by 0x4B924B3: ??? (in /usr/lib/aarch64-linux-gnu/libpython3.10.so.1.0)
==41865==    by 0x4A8540F: Py_InitializeFromConfig (in /usr/lib/aarch64-linux-gnu/libpython3.10.so.1.0)
==41865==    by 0x4A87567: Py_InitializeEx (in /usr/lib/aarch64-linux-gnu/libpython3.10.so.1.0)
==41865==    by 0x1087EF: main (test.c:4)
==41865== 
==41865== 576 bytes in 1 blocks are still reachable in loss record 36 of 90
==41865==    at 0x4865058: malloc (in /usr/libexec/valgrind/vgpreload_memcheck-arm64-linux.so)
==41865==    by 0x49BDA1F: ??? (in /usr/lib/aarch64-linux-gnu/libpython3.10.so.1.0)
==41865==    by 0x49A209F: ??? (in /usr/lib/aarch64-linux-gnu/libpython3.10.so.1.0)
==41865==    by 0x49A2253: ??? (in /usr/lib/aarch64-linux-gnu/libpython3.10.so.1.0)
==41865==    by 0x49A310F: ??? (in /usr/lib/aarch64-linux-gnu/libpython3.10.so.1.0)
==41865==    by 0x49D2D23: PyType_Ready (in /usr/lib/aarch64-linux-gnu/libpython3.10.so.1.0)
==41865==    by 0x4A822F7: ??? (in /usr/lib/aarch64-linux-gnu/libpython3.10.so.1.0)
==41865==    by 0x4B924B3: ??? (in /usr/lib/aarch64-linux-gnu/libpython3.10.so.1.0)
==41865==    by 0x4A8540F: Py_InitializeFromConfig (in /usr/lib/aarch64-linux-gnu/libpython3.10.so.1.0)
==41865==    by 0x4A87567: Py_InitializeEx (in /usr/lib/aarch64-linux-gnu/libpython3.10.so.1.0)
==41865==    by 0x1087EF: main (test.c:4)
==41865== 
==41865== 576 bytes in 1 blocks are still reachable in loss record 37 of 90
==41865==    at 0x4865058: malloc (in /usr/libexec/valgrind/vgpreload_memcheck-arm64-linux.so)
==41865==    by 0x49BDA1F: ??? (in /usr/lib/aarch64-linux-gnu/libpython3.10.so.1.0)
==41865==    by 0x49A209F: ??? (in /usr/lib/aarch64-linux-gnu/libpython3.10.so.1.0)
==41865==    by 0x49A2253: ??? (in /usr/lib/aarch64-linux-gnu/libpython3.10.so.1.0)
==41865==    by 0x49A7F47: PyDict_SetDefault (in /usr/lib/aarch64-linux-gnu/libpython3.10.so.1.0)
==41865==    by 0x49D2E0B: PyType_Ready (in /usr/lib/aarch64-linux-gnu/libpython3.10.so.1.0)
==41865==    by 0x49C9A4B: _PyStructSequence_InitType (in /usr/lib/aarch64-linux-gnu/libpython3.10.so.1.0)
==41865==    by 0x4A82747: ??? (in /usr/lib/aarch64-linux-gnu/libpython3.10.so.1.0)
==41865==    by 0x4B924B3: ??? (in /usr/lib/aarch64-linux-gnu/libpython3.10.so.1.0)
==41865==    by 0x4A8540F: Py_InitializeFromConfig (in /usr/lib/aarch64-linux-gnu/libpython3.10.so.1.0)
==41865==    by 0x4A87567: Py_InitializeEx (in /usr/lib/aarch64-linux-gnu/libpython3.10.so.1.0)
==41865==    by 0x1087EF: main (test.c:4)
==41865== 
==41865== 576 bytes in 1 blocks are still reachable in loss record 38 of 90
==41865==    at 0x4865058: malloc (in /usr/libexec/valgrind/vgpreload_memcheck-arm64-linux.so)
==41865==    by 0x49BDA1F: ??? (in /usr/lib/aarch64-linux-gnu/libpython3.10.so.1.0)
==41865==    by 0x49A209F: ??? (in /usr/lib/aarch64-linux-gnu/libpython3.10.so.1.0)
==41865==    by 0x49A2253: ??? (in /usr/lib/aarch64-linux-gnu/libpython3.10.so.1.0)
==41865==    by 0x49A310F: ??? (in /usr/lib/aarch64-linux-gnu/libpython3.10.so.1.0)
==41865==    by 0x49A977F: PyDict_SetItemString (in /usr/lib/aarch64-linux-gnu/libpython3.10.so.1.0)
==41865==    by 0x49C976F: ??? (in /usr/lib/aarch64-linux-gnu/libpython3.10.so.1.0)
==41865==    by 0x49C9A73: _PyStructSequence_InitType (in /usr/lib/aarch64-linux-gnu/libpython3.10.so.1.0)
==41865==    by 0x4A8311F: ??? (in /usr/lib/aarch64-linux-gnu/libpython3.10.so.1.0)
==41865==    by 0x4B924B3: ??? (in /usr/lib/aarch64-linux-gnu/libpython3.10.so.1.0)
==41865==    by 0x4A8540F: Py_InitializeFromConfig (in /usr/lib/aarch64-linux-gnu/libpython3.10.so.1.0)
==41865==    by 0x4A87567: Py_InitializeEx (in /usr/lib/aarch64-linux-gnu/libpython3.10.so.1.0)
==41865== 
==41865== 576 bytes in 1 blocks are still reachable in loss record 39 of 90
==41865==    at 0x4865058: malloc (in /usr/libexec/valgrind/vgpreload_memcheck-arm64-linux.so)
==41865==    by 0x49BDA1F: ??? (in /usr/lib/aarch64-linux-gnu/libpython3.10.so.1.0)
==41865==    by 0x49A209F: ??? (in /usr/lib/aarch64-linux-gnu/libpython3.10.so.1.0)
==41865==    by 0x49A2253: ??? (in /usr/lib/aarch64-linux-gnu/libpython3.10.so.1.0)
==41865==    by 0x49A310F: ??? (in /usr/lib/aarch64-linux-gnu/libpython3.10.so.1.0)
==41865==    by 0x49A977F: PyDict_SetItemString (in /usr/lib/aarch64-linux-gnu/libpython3.10.so.1.0)
==41865==    by 0x49C9813: ??? (in /usr/lib/aarch64-linux-gnu/libpython3.10.so.1.0)
==41865==    by 0x49C9A73: _PyStructSequence_InitType (in /usr/lib/aarch64-linux-gnu/libpython3.10.so.1.0)
==41865==    by 0x4AA056B: PyThread_GetInfo (in /usr/lib/aarch64-linux-gnu/libpython3.10.so.1.0)
==41865==    by 0x4A82B37: ??? (in /usr/lib/aarch64-linux-gnu/libpython3.10.so.1.0)
==41865==    by 0x4B924B3: ??? (in /usr/lib/aarch64-linux-gnu/libpython3.10.so.1.0)
==41865==    by 0x4A8540F: Py_InitializeFromConfig (in /usr/lib/aarch64-linux-gnu/libpython3.10.so.1.0)
==41865== 
==41865== 576 bytes in 1 blocks are still reachable in loss record 40 of 90
==41865==    at 0x4865058: malloc (in /usr/libexec/valgrind/vgpreload_memcheck-arm64-linux.so)
==41865==    by 0x49BDA1F: ??? (in /usr/lib/aarch64-linux-gnu/libpython3.10.so.1.0)
==41865==    by 0x49A209F: ??? (in /usr/lib/aarch64-linux-gnu/libpython3.10.so.1.0)
==41865==    by 0x49A2253: ??? (in /usr/lib/aarch64-linux-gnu/libpython3.10.so.1.0)
==41865==    by 0x49A310F: ??? (in /usr/lib/aarch64-linux-gnu/libpython3.10.so.1.0)
==41865==    by 0x49A977F: PyDict_SetItemString (in /usr/lib/aarch64-linux-gnu/libpython3.10.so.1.0)
==41865==    by 0x49C976F: ??? (in /usr/lib/aarch64-linux-gnu/libpython3.10.so.1.0)
==41865==    by 0x49C9A73: _PyStructSequence_InitType (in /usr/lib/aarch64-linux-gnu/libpython3.10.so.1.0)
==41865==    by 0x4B08227: ??? (in /usr/lib/aarch64-linux-gnu/libpython3.10.so.1.0)
==41865==    by 0x49B37DF: PyModule_ExecDef (in /usr/lib/aarch64-linux-gnu/libpython3.10.so.1.0)
==41865==    by 0x4A6DF93: ??? (in /usr/lib/aarch64-linux-gnu/libpython3.10.so.1.0)
==41865==    by 0x49B544F: ??? (in /usr/lib/aarch64-linux-gnu/libpython3.10.so.1.0)
==41865== 
==41865== 576 bytes in 1 blocks are still reachable in loss record 41 of 90
==41865==    at 0x4865058: malloc (in /usr/libexec/valgrind/vgpreload_memcheck-arm64-linux.so)
==41865==    by 0x49BDA1F: ??? (in /usr/lib/aarch64-linux-gnu/libpython3.10.so.1.0)
==41865==    by 0x49A209F: ??? (in /usr/lib/aarch64-linux-gnu/libpython3.10.so.1.0)
==41865==    by 0x49A2253: ??? (in /usr/lib/aarch64-linux-gnu/libpython3.10.so.1.0)
==41865==    by 0x49A7F47: PyDict_SetDefault (in /usr/lib/aarch64-linux-gnu/libpython3.10.so.1.0)
==41865==    by 0x49D2D97: PyType_Ready (in /usr/lib/aarch64-linux-gnu/libpython3.10.so.1.0)
==41865==    by 0x4A7F2AB: PyModule_AddType (in /usr/lib/aarch64-linux-gnu/libpython3.10.so.1.0)
==41865==    by 0x4ADA257: PyInit__io (in /usr/lib/aarch64-linux-gnu/libpython3.10.so.1.0)
==41865==    by 0x4B97CCB: ??? (in /usr/lib/aarch64-linux-gnu/libpython3.10.so.1.0)
==41865==    by 0x4A6F923: ??? (in /usr/lib/aarch64-linux-gnu/libpython3.10.so.1.0)
==41865==    by 0x49B544F: ??? (in /usr/lib/aarch64-linux-gnu/libpython3.10.so.1.0)
==41865==    by 0x49015D7: _PyEval_EvalFrameDefault (in /usr/lib/aarch64-linux-gnu/libpython3.10.so.1.0)
==41865== 
==41865== 576 bytes in 1 blocks are still reachable in loss record 42 of 90
==41865==    at 0x4865058: malloc (in /usr/libexec/valgrind/vgpreload_memcheck-arm64-linux.so)
==41865==    by 0x49BDA1F: ??? (in /usr/lib/aarch64-linux-gnu/libpython3.10.so.1.0)
==41865==    by 0x49A209F: ??? (in /usr/lib/aarch64-linux-gnu/libpython3.10.so.1.0)
==41865==    by 0x49A2253: ??? (in /usr/lib/aarch64-linux-gnu/libpython3.10.so.1.0)
==41865==    by 0x49A7F47: PyDict_SetDefault (in /usr/lib/aarch64-linux-gnu/libpython3.10.so.1.0)
==41865==    by 0x49D2D97: PyType_Ready (in /usr/lib/aarch64-linux-gnu/libpython3.10.so.1.0)
==41865==    by 0x4A7F2AB: PyModule_AddType (in /usr/lib/aarch64-linux-gnu/libpython3.10.so.1.0)
==41865==    by 0x4ADA293: PyInit__io (in /usr/lib/aarch64-linux-gnu/libpython3.10.so.1.0)
==41865==    by 0x4B97CCB: ??? (in /usr/lib/aarch64-linux-gnu/libpython3.10.so.1.0)
==41865==    by 0x4A6F923: ??? (in /usr/lib/aarch64-linux-gnu/libpython3.10.so.1.0)
==41865==    by 0x49B544F: ??? (in /usr/lib/aarch64-linux-gnu/libpython3.10.so.1.0)
==41865==    by 0x49015D7: _PyEval_EvalFrameDefault (in /usr/lib/aarch64-linux-gnu/libpython3.10.so.1.0)
==41865== 
==41865== 576 bytes in 1 blocks are still reachable in loss record 43 of 90
==41865==    at 0x4865058: malloc (in /usr/libexec/valgrind/vgpreload_memcheck-arm64-linux.so)
==41865==    by 0x49BDA1F: ??? (in /usr/lib/aarch64-linux-gnu/libpython3.10.so.1.0)
==41865==    by 0x49A209F: ??? (in /usr/lib/aarch64-linux-gnu/libpython3.10.so.1.0)
==41865==    by 0x49A2253: ??? (in /usr/lib/aarch64-linux-gnu/libpython3.10.so.1.0)
==41865==    by 0x49A310F: ??? (in /usr/lib/aarch64-linux-gnu/libpython3.10.so.1.0)
==41865==    by 0x49D2ACF: ??? (in /usr/lib/aarch64-linux-gnu/libpython3.10.so.1.0)
==41865==    by 0x49D335F: PyType_Ready (in /usr/lib/aarch64-linux-gnu/libpython3.10.so.1.0)
==41865==    by 0x49D5617: PyType_FromModuleAndSpec (in /usr/lib/aarch64-linux-gnu/libpython3.10.so.1.0)
==41865==    by 0x49C9CF7: PyStructSequence_NewType (in /usr/lib/aarch64-linux-gnu/libpython3.10.so.1.0)
==41865==    by 0x4B4D037: ??? (in /usr/lib/aarch64-linux-gnu/libpython3.10.so.1.0)
==41865==    by 0x49B37DF: PyModule_ExecDef (in /usr/lib/aarch64-linux-gnu/libpython3.10.so.1.0)
==41865==    by 0x4A6DF93: ??? (in /usr/lib/aarch64-linux-gnu/libpython3.10.so.1.0)
==41865== 
==41865== 576 bytes in 1 blocks are still reachable in loss record 44 of 90
==41865==    at 0x4865058: malloc (in /usr/libexec/valgrind/vgpreload_memcheck-arm64-linux.so)
==41865==    by 0x49BDA1F: ??? (in /usr/lib/aarch64-linux-gnu/libpython3.10.so.1.0)
==41865==    by 0x49A209F: ??? (in /usr/lib/aarch64-linux-gnu/libpython3.10.so.1.0)
==41865==    by 0x49A2253: ??? (in /usr/lib/aarch64-linux-gnu/libpython3.10.so.1.0)
==41865==    by 0x49A7F47: PyDict_SetDefault (in /usr/lib/aarch64-linux-gnu/libpython3.10.so.1.0)
==41865==    by 0x49D2E0B: PyType_Ready (in /usr/lib/aarch64-linux-gnu/libpython3.10.so.1.0)
==41865==    by 0x49C9A4B: _PyStructSequence_InitType (in /usr/lib/aarch64-linux-gnu/libpython3.10.so.1.0)
==41865==    by 0x4B7FC1B: ??? (in /usr/lib/aarch64-linux-gnu/libpython3.10.so.1.0)
==41865==    by 0x49B37DF: PyModule_ExecDef (in /usr/lib/aarch64-linux-gnu/libpython3.10.so.1.0)
==41865==    by 0x4A6DF93: ??? (in /usr/lib/aarch64-linux-gnu/libpython3.10.so.1.0)
==41865==    by 0x49B544F: ??? (in /usr/lib/aarch64-linux-gnu/libpython3.10.so.1.0)
==41865==    by 0x49015D7: _PyEval_EvalFrameDefault (in /usr/lib/aarch64-linux-gnu/libpython3.10.so.1.0)
==41865== 
==41865== 576 bytes in 1 blocks are still reachable in loss record 45 of 90
==41865==    at 0x4865058: malloc (in /usr/libexec/valgrind/vgpreload_memcheck-arm64-linux.so)
==41865==    by 0x49BDA1F: ??? (in /usr/lib/aarch64-linux-gnu/libpython3.10.so.1.0)
==41865==    by 0x49A209F: ??? (in /usr/lib/aarch64-linux-gnu/libpython3.10.so.1.0)
==41865==    by 0x49A2253: ??? (in /usr/lib/aarch64-linux-gnu/libpython3.10.so.1.0)
==41865==    by 0x49A310F: ??? (in /usr/lib/aarch64-linux-gnu/libpython3.10.so.1.0)
==41865==    by 0x49D2ED3: PyType_Ready (in /usr/lib/aarch64-linux-gnu/libpython3.10.so.1.0)
==41865==    by 0x49C9A4B: _PyStructSequence_InitType (in /usr/lib/aarch64-linux-gnu/libpython3.10.so.1.0)
==41865==    by 0x4A84EE7: ??? (in /usr/lib/aarch64-linux-gnu/libpython3.10.so.1.0)
==41865==    by 0x4A854A3: Py_InitializeFromConfig (in /usr/lib/aarch64-linux-gnu/libpython3.10.so.1.0)
==41865==    by 0x4A87567: Py_InitializeEx (in /usr/lib/aarch64-linux-gnu/libpython3.10.so.1.0)
==41865==    by 0x1087EF: main (test.c:4)
==41865== 
==41865== 576 bytes in 1 blocks are still reachable in loss record 46 of 90
==41865==    at 0x4865058: malloc (in /usr/libexec/valgrind/vgpreload_memcheck-arm64-linux.so)
==41865==    by 0x49BDA1F: ??? (in /usr/lib/aarch64-linux-gnu/libpython3.10.so.1.0)
==41865==    by 0x49A209F: ??? (in /usr/lib/aarch64-linux-gnu/libpython3.10.so.1.0)
==41865==    by 0x49A2253: ??? (in /usr/lib/aarch64-linux-gnu/libpython3.10.so.1.0)
==41865==    by 0x49A7F47: PyDict_SetDefault (in /usr/lib/aarch64-linux-gnu/libpython3.10.so.1.0)
==41865==    by 0x49D2E0B: PyType_Ready (in /usr/lib/aarch64-linux-gnu/libpython3.10.so.1.0)
==41865==    by 0x4A7F2AB: PyModule_AddType (in /usr/lib/aarch64-linux-gnu/libpython3.10.so.1.0)
==41865==    by 0x4AB85EF: ??? (in /usr/lib/aarch64-linux-gnu/libpython3.10.so.1.0)
==41865==    by 0x49B37DF: PyModule_ExecDef (in /usr/lib/aarch64-linux-gnu/libpython3.10.so.1.0)
==41865==    by 0x4A6DF93: ??? (in /usr/lib/aarch64-linux-gnu/libpython3.10.so.1.0)
==41865==    by 0x49B544F: ??? (in /usr/lib/aarch64-linux-gnu/libpython3.10.so.1.0)
==41865==    by 0x49015D7: _PyEval_EvalFrameDefault (in /usr/lib/aarch64-linux-gnu/libpython3.10.so.1.0)
==41865== 
==41865== 645 bytes in 1 blocks are still reachable in loss record 47 of 90
==41865==    at 0x4865058: malloc (in /usr/libexec/valgrind/vgpreload_memcheck-arm64-linux.so)
==41865==    by 0x49BDA1F: ??? (in /usr/lib/aarch64-linux-gnu/libpython3.10.so.1.0)
==41865==    by 0x49E063F: PyUnicode_New (in /usr/lib/aarch64-linux-gnu/libpython3.10.so.1.0)
==41865==    by 0x49ED967: ??? (in /usr/lib/aarch64-linux-gnu/libpython3.10.so.1.0)
==41865==    by 0x49D2EBB: PyType_Ready (in /usr/lib/aarch64-linux-gnu/libpython3.10.so.1.0)
==41865==    by 0x49BA59B: ??? (in /usr/lib/aarch64-linux-gnu/libpython3.10.so.1.0)
==41865==    by 0x4A821D3: ??? (in /usr/lib/aarch64-linux-gnu/libpython3.10.so.1.0)
==41865==    by 0x4B924B3: ??? (in /usr/lib/aarch64-linux-gnu/libpython3.10.so.1.0)
==41865==    by 0x4A8540F: Py_InitializeFromConfig (in /usr/lib/aarch64-linux-gnu/libpython3.10.so.1.0)
==41865==    by 0x4A87567: Py_InitializeEx (in /usr/lib/aarch64-linux-gnu/libpython3.10.so.1.0)
==41865==    by 0x1087EF: main (test.c:4)
==41865== 
==41865== 654 bytes in 1 blocks are still reachable in loss record 48 of 90
==41865==    at 0x4865058: malloc (in /usr/libexec/valgrind/vgpreload_memcheck-arm64-linux.so)
==41865==    by 0x49BDA1F: ??? (in /usr/lib/aarch64-linux-gnu/libpython3.10.so.1.0)
==41865==    by 0x49E063F: PyUnicode_New (in /usr/lib/aarch64-linux-gnu/libpython3.10.so.1.0)
==41865==    by 0x49ED967: ??? (in /usr/lib/aarch64-linux-gnu/libpython3.10.so.1.0)
==41865==    by 0x49D2EBB: PyType_Ready (in /usr/lib/aarch64-linux-gnu/libpython3.10.so.1.0)
==41865==    by 0x49D433B: PyType_Ready (in /usr/lib/aarch64-linux-gnu/libpython3.10.so.1.0)
==41865==    by 0x49BA1CB: ??? (in /usr/lib/aarch64-linux-gnu/libpython3.10.so.1.0)
==41865==    by 0x4A821D3: ??? (in /usr/lib/aarch64-linux-gnu/libpython3.10.so.1.0)
==41865==    by 0x4B924B3: ??? (in /usr/lib/aarch64-linux-gnu/libpython3.10.so.1.0)
==41865==    by 0x4A8540F: Py_InitializeFromConfig (in /usr/lib/aarch64-linux-gnu/libpython3.10.so.1.0)
==41865==    by 0x4A87567: Py_InitializeEx (in /usr/lib/aarch64-linux-gnu/libpython3.10.so.1.0)
==41865==    by 0x1087EF: main (test.c:4)
==41865== 
==41865== 680 bytes in 1 blocks are still reachable in loss record 49 of 90
==41865==    at 0x4865058: malloc (in /usr/libexec/valgrind/vgpreload_memcheck-arm64-linux.so)
==41865==    by 0x49BDA1F: ??? (in /usr/lib/aarch64-linux-gnu/libpython3.10.so.1.0)
==41865==    by 0x49C99C3: _PyStructSequence_InitType (in /usr/lib/aarch64-linux-gnu/libpython3.10.so.1.0)
==41865==    by 0x4A831AB: ??? (in /usr/lib/aarch64-linux-gnu/libpython3.10.so.1.0)
==41865==    by 0x4B924B3: ??? (in /usr/lib/aarch64-linux-gnu/libpython3.10.so.1.0)
==41865==    by 0x4A8540F: Py_InitializeFromConfig (in /usr/lib/aarch64-linux-gnu/libpython3.10.so.1.0)
==41865==    by 0x4A87567: Py_InitializeEx (in /usr/lib/aarch64-linux-gnu/libpython3.10.so.1.0)
==41865==    by 0x1087EF: main (test.c:4)
==41865== 
==41865== 718 bytes in 1 blocks are still reachable in loss record 50 of 90
==41865==    at 0x4865058: malloc (in /usr/libexec/valgrind/vgpreload_memcheck-arm64-linux.so)
==41865==    by 0x49BDA1F: ??? (in /usr/lib/aarch64-linux-gnu/libpython3.10.so.1.0)
==41865==    by 0x49E063F: PyUnicode_New (in /usr/lib/aarch64-linux-gnu/libpython3.10.so.1.0)
==41865==    by 0x49ED967: ??? (in /usr/lib/aarch64-linux-gnu/libpython3.10.so.1.0)
==41865==    by 0x49D2EBB: PyType_Ready (in /usr/lib/aarch64-linux-gnu/libpython3.10.so.1.0)
==41865==    by 0x49BA27B: ??? (in /usr/lib/aarch64-linux-gnu/libpython3.10.so.1.0)
==41865==    by 0x4A821D3: ??? (in /usr/lib/aarch64-linux-gnu/libpython3.10.so.1.0)
==41865==    by 0x4B924B3: ??? (in /usr/lib/aarch64-linux-gnu/libpython3.10.so.1.0)
==41865==    by 0x4A8540F: Py_InitializeFromConfig (in /usr/lib/aarch64-linux-gnu/libpython3.10.so.1.0)
==41865==    by 0x4A87567: Py_InitializeEx (in /usr/lib/aarch64-linux-gnu/libpython3.10.so.1.0)
==41865==    by 0x1087EF: main (test.c:4)
==41865== 
==41865== 768 bytes in 1 blocks are still reachable in loss record 51 of 90
==41865==    at 0x4864F48: malloc (in /usr/libexec/valgrind/vgpreload_memcheck-arm64-linux.so)
==41865==    by 0x49BD8D3: ??? (in /usr/lib/aarch64-linux-gnu/libpython3.10.so.1.0)
==41865==    by 0x49BDA13: ??? (in /usr/lib/aarch64-linux-gnu/libpython3.10.so.1.0)
==41865==    by 0x499553B: _PyLong_New (in /usr/lib/aarch64-linux-gnu/libpython3.10.so.1.0)
==41865==    by 0x4A813D7: ??? (in /usr/lib/aarch64-linux-gnu/libpython3.10.so.1.0)
==41865==    by 0x4B924B3: ??? (in /usr/lib/aarch64-linux-gnu/libpython3.10.so.1.0)
==41865==    by 0x4A8540F: Py_InitializeFromConfig (in /usr/lib/aarch64-linux-gnu/libpython3.10.so.1.0)
==41865==    by 0x4A87567: Py_InitializeEx (in /usr/lib/aarch64-linux-gnu/libpython3.10.so.1.0)
==41865==    by 0x1087EF: main (test.c:4)
==41865== 
==41865== 827 bytes in 1 blocks are still reachable in loss record 52 of 90
==41865==    at 0x4865058: malloc (in /usr/libexec/valgrind/vgpreload_memcheck-arm64-linux.so)
==41865==    by 0x49BDA1F: ??? (in /usr/lib/aarch64-linux-gnu/libpython3.10.so.1.0)
==41865==    by 0x49E063F: PyUnicode_New (in /usr/lib/aarch64-linux-gnu/libpython3.10.so.1.0)
==41865==    by 0x49ED967: ??? (in /usr/lib/aarch64-linux-gnu/libpython3.10.so.1.0)
==41865==    by 0x49D2EBB: PyType_Ready (in /usr/lib/aarch64-linux-gnu/libpython3.10.so.1.0)
==41865==    by 0x4A7F2AB: PyModule_AddType (in /usr/lib/aarch64-linux-gnu/libpython3.10.so.1.0)
==41865==    by 0x4ADA20F: PyInit__io (in /usr/lib/aarch64-linux-gnu/libpython3.10.so.1.0)
==41865==    by 0x4B97CCB: ??? (in /usr/lib/aarch64-linux-gnu/libpython3.10.so.1.0)
==41865==    by 0x4A6F923: ??? (in /usr/lib/aarch64-linux-gnu/libpython3.10.so.1.0)
==41865==    by 0x49B544F: ??? (in /usr/lib/aarch64-linux-gnu/libpython3.10.so.1.0)
==41865==    by 0x49015D7: _PyEval_EvalFrameDefault (in /usr/lib/aarch64-linux-gnu/libpython3.10.so.1.0)
==41865==    by 0x4A48BF3: ??? (in /usr/lib/aarch64-linux-gnu/libpython3.10.so.1.0)
==41865== 
==41865== 1,112 bytes in 1 blocks are still reachable in loss record 53 of 90
==41865==    at 0x4865058: malloc (in /usr/libexec/valgrind/vgpreload_memcheck-arm64-linux.so)
==41865==    by 0x49BDA1F: ??? (in /usr/lib/aarch64-linux-gnu/libpython3.10.so.1.0)
==41865==    by 0x49A209F: ??? (in /usr/lib/aarch64-linux-gnu/libpython3.10.so.1.0)
==41865==    by 0x49A2253: ??? (in /usr/lib/aarch64-linux-gnu/libpython3.10.so.1.0)
==41865==    by 0x49A7F47: PyDict_SetDefault (in /usr/lib/aarch64-linux-gnu/libpython3.10.so.1.0)
==41865==    by 0x49D2E63: PyType_Ready (in /usr/lib/aarch64-linux-gnu/libpython3.10.so.1.0)
==41865==    by 0x4A821B3: ??? (in /usr/lib/aarch64-linux-gnu/libpython3.10.so.1.0)
==41865==    by 0x4B924B3: ??? (in /usr/lib/aarch64-linux-gnu/libpython3.10.so.1.0)
==41865==    by 0x4A8540F: Py_InitializeFromConfig (in /usr/lib/aarch64-linux-gnu/libpython3.10.so.1.0)
==41865==    by 0x4A87567: Py_InitializeEx (in /usr/lib/aarch64-linux-gnu/libpython3.10.so.1.0)
==41865==    by 0x1087EF: main (test.c:4)
==41865== 
==41865== 1,112 bytes in 1 blocks are still reachable in loss record 54 of 90
==41865==    at 0x4865058: malloc (in /usr/libexec/valgrind/vgpreload_memcheck-arm64-linux.so)
==41865==    by 0x49BDA1F: ??? (in /usr/lib/aarch64-linux-gnu/libpython3.10.so.1.0)
==41865==    by 0x49A209F: ??? (in /usr/lib/aarch64-linux-gnu/libpython3.10.so.1.0)
==41865==    by 0x49A2253: ??? (in /usr/lib/aarch64-linux-gnu/libpython3.10.so.1.0)
==41865==    by 0x49A7F47: PyDict_SetDefault (in /usr/lib/aarch64-linux-gnu/libpython3.10.so.1.0)
==41865==    by 0x49D2E0B: PyType_Ready (in /usr/lib/aarch64-linux-gnu/libpython3.10.so.1.0)
==41865==    by 0x4A821C3: ??? (in /usr/lib/aarch64-linux-gnu/libpython3.10.so.1.0)
==41865==    by 0x4B924B3: ??? (in /usr/lib/aarch64-linux-gnu/libpython3.10.so.1.0)
==41865==    by 0x4A8540F: Py_InitializeFromConfig (in /usr/lib/aarch64-linux-gnu/libpython3.10.so.1.0)
==41865==    by 0x4A87567: Py_InitializeEx (in /usr/lib/aarch64-linux-gnu/libpython3.10.so.1.0)
==41865==    by 0x1087EF: main (test.c:4)
==41865== 
==41865== 1,112 bytes in 1 blocks are still reachable in loss record 55 of 90
==41865==    at 0x4865058: malloc (in /usr/libexec/valgrind/vgpreload_memcheck-arm64-linux.so)
==41865==    by 0x49BDA1F: ??? (in /usr/lib/aarch64-linux-gnu/libpython3.10.so.1.0)
==41865==    by 0x49A209F: ??? (in /usr/lib/aarch64-linux-gnu/libpython3.10.so.1.0)
==41865==    by 0x49A2253: ??? (in /usr/lib/aarch64-linux-gnu/libpython3.10.so.1.0)
==41865==    by 0x49A7F47: PyDict_SetDefault (in /usr/lib/aarch64-linux-gnu/libpython3.10.so.1.0)
==41865==    by 0x49D2E0B: PyType_Ready (in /usr/lib/aarch64-linux-gnu/libpython3.10.so.1.0)
==41865==    by 0x49BA28B: ??? (in /usr/lib/aarch64-linux-gnu/libpython3.10.so.1.0)
==41865==    by 0x4A821D3: ??? (in /usr/lib/aarch64-linux-gnu/libpython3.10.so.1.0)
==41865==    by 0x4B924B3: ??? (in /usr/lib/aarch64-linux-gnu/libpython3.10.so.1.0)
==41865==    by 0x4A8540F: Py_InitializeFromConfig (in /usr/lib/aarch64-linux-gnu/libpython3.10.so.1.0)
==41865==    by 0x4A87567: Py_InitializeEx (in /usr/lib/aarch64-linux-gnu/libpython3.10.so.1.0)
==41865==    by 0x1087EF: main (test.c:4)
==41865== 
==41865== 1,112 bytes in 1 blocks are still reachable in loss record 56 of 90
==41865==    at 0x4865058: malloc (in /usr/libexec/valgrind/vgpreload_memcheck-arm64-linux.so)
==41865==    by 0x49BDA1F: ??? (in /usr/lib/aarch64-linux-gnu/libpython3.10.so.1.0)
==41865==    by 0x49A209F: ??? (in /usr/lib/aarch64-linux-gnu/libpython3.10.so.1.0)
==41865==    by 0x49A2253: ??? (in /usr/lib/aarch64-linux-gnu/libpython3.10.so.1.0)
==41865==    by 0x49A310F: ??? (in /usr/lib/aarch64-linux-gnu/libpython3.10.so.1.0)
==41865==    by 0x49D2D23: PyType_Ready (in /usr/lib/aarch64-linux-gnu/libpython3.10.so.1.0)
==41865==    by 0x49BA29B: ??? (in /usr/lib/aarch64-linux-gnu/libpython3.10.so.1.0)
==41865==    by 0x4A821D3: ??? (in /usr/lib/aarch64-linux-gnu/libpython3.10.so.1.0)
==41865==    by 0x4B924B3: ??? (in /usr/lib/aarch64-linux-gnu/libpython3.10.so.1.0)
==41865==    by 0x4A8540F: Py_InitializeFromConfig (in /usr/lib/aarch64-linux-gnu/libpython3.10.so.1.0)
==41865==    by 0x4A87567: Py_InitializeEx (in /usr/lib/aarch64-linux-gnu/libpython3.10.so.1.0)
==41865==    by 0x1087EF: main (test.c:4)
==41865== 
==41865== 1,112 bytes in 1 blocks are still reachable in loss record 57 of 90
==41865==    at 0x4865058: malloc (in /usr/libexec/valgrind/vgpreload_memcheck-arm64-linux.so)
==41865==    by 0x49BDA1F: ??? (in /usr/lib/aarch64-linux-gnu/libpython3.10.so.1.0)
==41865==    by 0x49A209F: ??? (in /usr/lib/aarch64-linux-gnu/libpython3.10.so.1.0)
==41865==    by 0x49A2253: ??? (in /usr/lib/aarch64-linux-gnu/libpython3.10.so.1.0)
==41865==    by 0x49A7F47: PyDict_SetDefault (in /usr/lib/aarch64-linux-gnu/libpython3.10.so.1.0)
==41865==    by 0x49D2E63: PyType_Ready (in /usr/lib/aarch64-linux-gnu/libpython3.10.so.1.0)
==41865==    by 0x49BA2BB: ??? (in /usr/lib/aarch64-linux-gnu/libpython3.10.so.1.0)
==41865==    by 0x4A821D3: ??? (in /usr/lib/aarch64-linux-gnu/libpython3.10.so.1.0)
==41865==    by 0x4B924B3: ??? (in /usr/lib/aarch64-linux-gnu/libpython3.10.so.1.0)
==41865==    by 0x4A8540F: Py_InitializeFromConfig (in /usr/lib/aarch64-linux-gnu/libpython3.10.so.1.0)
==41865==    by 0x4A87567: Py_InitializeEx (in /usr/lib/aarch64-linux-gnu/libpython3.10.so.1.0)
==41865==    by 0x1087EF: main (test.c:4)
==41865== 
==41865== 1,112 bytes in 1 blocks are still reachable in loss record 58 of 90
==41865==    at 0x4865058: malloc (in /usr/libexec/valgrind/vgpreload_memcheck-arm64-linux.so)
==41865==    by 0x49BDA1F: ??? (in /usr/lib/aarch64-linux-gnu/libpython3.10.so.1.0)
==41865==    by 0x49A209F: ??? (in /usr/lib/aarch64-linux-gnu/libpython3.10.so.1.0)
==41865==    by 0x49A2253: ??? (in /usr/lib/aarch64-linux-gnu/libpython3.10.so.1.0)
==41865==    by 0x49A7F47: PyDict_SetDefault (in /usr/lib/aarch64-linux-gnu/libpython3.10.so.1.0)
==41865==    by 0x49D2E63: PyType_Ready (in /usr/lib/aarch64-linux-gnu/libpython3.10.so.1.0)
==41865==    by 0x49BA2FB: ??? (in /usr/lib/aarch64-linux-gnu/libpython3.10.so.1.0)
==41865==    by 0x4A821D3: ??? (in /usr/lib/aarch64-linux-gnu/libpython3.10.so.1.0)
==41865==    by 0x4B924B3: ??? (in /usr/lib/aarch64-linux-gnu/libpython3.10.so.1.0)
==41865==    by 0x4A8540F: Py_InitializeFromConfig (in /usr/lib/aarch64-linux-gnu/libpython3.10.so.1.0)
==41865==    by 0x4A87567: Py_InitializeEx (in /usr/lib/aarch64-linux-gnu/libpython3.10.so.1.0)
==41865==    by 0x1087EF: main (test.c:4)
==41865== 
==41865== 1,112 bytes in 1 blocks are still reachable in loss record 59 of 90
==41865==    at 0x4865058: malloc (in /usr/libexec/valgrind/vgpreload_memcheck-arm64-linux.so)
==41865==    by 0x49BDA1F: ??? (in /usr/lib/aarch64-linux-gnu/libpython3.10.so.1.0)
==41865==    by 0x49A209F: ??? (in /usr/lib/aarch64-linux-gnu/libpython3.10.so.1.0)
==41865==    by 0x49A2253: ??? (in /usr/lib/aarch64-linux-gnu/libpython3.10.so.1.0)
==41865==    by 0x49A7F47: PyDict_SetDefault (in /usr/lib/aarch64-linux-gnu/libpython3.10.so.1.0)
==41865==    by 0x49D2D97: PyType_Ready (in /usr/lib/aarch64-linux-gnu/libpython3.10.so.1.0)
==41865==    by 0x49BA30B: ??? (in /usr/lib/aarch64-linux-gnu/libpython3.10.so.1.0)
==41865==    by 0x4A821D3: ??? (in /usr/lib/aarch64-linux-gnu/libpython3.10.so.1.0)
==41865==    by 0x4B924B3: ??? (in /usr/lib/aarch64-linux-gnu/libpython3.10.so.1.0)
==41865==    by 0x4A8540F: Py_InitializeFromConfig (in /usr/lib/aarch64-linux-gnu/libpython3.10.so.1.0)
==41865==    by 0x4A87567: Py_InitializeEx (in /usr/lib/aarch64-linux-gnu/libpython3.10.so.1.0)
==41865==    by 0x1087EF: main (test.c:4)
==41865== 
==41865== 1,112 bytes in 1 blocks are still reachable in loss record 60 of 90
==41865==    at 0x4865058: malloc (in /usr/libexec/valgrind/vgpreload_memcheck-arm64-linux.so)
==41865==    by 0x49BDA1F: ??? (in /usr/lib/aarch64-linux-gnu/libpython3.10.so.1.0)
==41865==    by 0x49A209F: ??? (in /usr/lib/aarch64-linux-gnu/libpython3.10.so.1.0)
==41865==    by 0x49A2253: ??? (in /usr/lib/aarch64-linux-gnu/libpython3.10.so.1.0)
==41865==    by 0x49A7F47: PyDict_SetDefault (in /usr/lib/aarch64-linux-gnu/libpython3.10.so.1.0)
==41865==    by 0x49D2D97: PyType_Ready (in /usr/lib/aarch64-linux-gnu/libpython3.10.so.1.0)
==41865==    by 0x49BA35B: ??? (in /usr/lib/aarch64-linux-gnu/libpython3.10.so.1.0)
==41865==    by 0x4A821D3: ??? (in /usr/lib/aarch64-linux-gnu/libpython3.10.so.1.0)
==41865==    by 0x4B924B3: ??? (in /usr/lib/aarch64-linux-gnu/libpython3.10.so.1.0)
==41865==    by 0x4A8540F: Py_InitializeFromConfig (in /usr/lib/aarch64-linux-gnu/libpython3.10.so.1.0)
==41865==    by 0x4A87567: Py_InitializeEx (in /usr/lib/aarch64-linux-gnu/libpython3.10.so.1.0)
==41865==    by 0x1087EF: main (test.c:4)
==41865== 
==41865== 1,112 bytes in 1 blocks are still reachable in loss record 61 of 90
==41865==    at 0x4865058: malloc (in /usr/libexec/valgrind/vgpreload_memcheck-arm64-linux.so)
==41865==    by 0x49BDA1F: ??? (in /usr/lib/aarch64-linux-gnu/libpython3.10.so.1.0)
==41865==    by 0x49A209F: ??? (in /usr/lib/aarch64-linux-gnu/libpython3.10.so.1.0)
==41865==    by 0x49A2253: ??? (in /usr/lib/aarch64-linux-gnu/libpython3.10.so.1.0)
==41865==    by 0x49A7F47: PyDict_SetDefault (in /usr/lib/aarch64-linux-gnu/libpython3.10.so.1.0)
==41865==    by 0x49D2D97: PyType_Ready (in /usr/lib/aarch64-linux-gnu/libpython3.10.so.1.0)
==41865==    by 0x49BA3AB: ??? (in /usr/lib/aarch64-linux-gnu/libpython3.10.so.1.0)
==41865==    by 0x4A821D3: ??? (in /usr/lib/aarch64-linux-gnu/libpython3.10.so.1.0)
==41865==    by 0x4B924B3: ??? (in /usr/lib/aarch64-linux-gnu/libpython3.10.so.1.0)
==41865==    by 0x4A8540F: Py_InitializeFromConfig (in /usr/lib/aarch64-linux-gnu/libpython3.10.so.1.0)
==41865==    by 0x4A87567: Py_InitializeEx (in /usr/lib/aarch64-linux-gnu/libpython3.10.so.1.0)
==41865==    by 0x1087EF: main (test.c:4)
==41865== 
==41865== 1,112 bytes in 1 blocks are still reachable in loss record 62 of 90
==41865==    at 0x4865058: malloc (in /usr/libexec/valgrind/vgpreload_memcheck-arm64-linux.so)
==41865==    by 0x49BDA1F: ??? (in /usr/lib/aarch64-linux-gnu/libpython3.10.so.1.0)
==41865==    by 0x49A209F: ??? (in /usr/lib/aarch64-linux-gnu/libpython3.10.so.1.0)
==41865==    by 0x49A2253: ??? (in /usr/lib/aarch64-linux-gnu/libpython3.10.so.1.0)
==41865==    by 0x49A310F: ??? (in /usr/lib/aarch64-linux-gnu/libpython3.10.so.1.0)
==41865==    by 0x49D2D23: PyType_Ready (in /usr/lib/aarch64-linux-gnu/libpython3.10.so.1.0)
==41865==    by 0x49BA41B: ??? (in /usr/lib/aarch64-linux-gnu/libpython3.10.so.1.0)
==41865==    by 0x4A821D3: ??? (in /usr/lib/aarch64-linux-gnu/libpython3.10.so.1.0)
==41865==    by 0x4B924B3: ??? (in /usr/lib/aarch64-linux-gnu/libpython3.10.so.1.0)
==41865==    by 0x4A8540F: Py_InitializeFromConfig (in /usr/lib/aarch64-linux-gnu/libpython3.10.so.1.0)
==41865==    by 0x4A87567: Py_InitializeEx (in /usr/lib/aarch64-linux-gnu/libpython3.10.so.1.0)
==41865==    by 0x1087EF: main (test.c:4)
==41865== 
==41865== 1,112 bytes in 1 blocks are still reachable in loss record 63 of 90
==41865==    at 0x4865058: malloc (in /usr/libexec/valgrind/vgpreload_memcheck-arm64-linux.so)
==41865==    by 0x49BDA1F: ??? (in /usr/lib/aarch64-linux-gnu/libpython3.10.so.1.0)
==41865==    by 0x49A209F: ??? (in /usr/lib/aarch64-linux-gnu/libpython3.10.so.1.0)
==41865==    by 0x49A2253: ??? (in /usr/lib/aarch64-linux-gnu/libpython3.10.so.1.0)
==41865==    by 0x49A7F47: PyDict_SetDefault (in /usr/lib/aarch64-linux-gnu/libpython3.10.so.1.0)
==41865==    by 0x49D2D97: PyType_Ready (in /usr/lib/aarch64-linux-gnu/libpython3.10.so.1.0)
==41865==    by 0x49BA45B: ??? (in /usr/lib/aarch64-linux-gnu/libpython3.10.so.1.0)
==41865==    by 0x4A821D3: ??? (in /usr/lib/aarch64-linux-gnu/libpython3.10.so.1.0)
==41865==    by 0x4B924B3: ??? (in /usr/lib/aarch64-linux-gnu/libpython3.10.so.1.0)
==41865==    by 0x4A8540F: Py_InitializeFromConfig (in /usr/lib/aarch64-linux-gnu/libpython3.10.so.1.0)
==41865==    by 0x4A87567: Py_InitializeEx (in /usr/lib/aarch64-linux-gnu/libpython3.10.so.1.0)
==41865==    by 0x1087EF: main (test.c:4)
==41865== 
==41865== 1,112 bytes in 1 blocks are still reachable in loss record 64 of 90
==41865==    at 0x4865058: malloc (in /usr/libexec/valgrind/vgpreload_memcheck-arm64-linux.so)
==41865==    by 0x49BDA1F: ??? (in /usr/lib/aarch64-linux-gnu/libpython3.10.so.1.0)
==41865==    by 0x49A209F: ??? (in /usr/lib/aarch64-linux-gnu/libpython3.10.so.1.0)
==41865==    by 0x49A2253: ??? (in /usr/lib/aarch64-linux-gnu/libpython3.10.so.1.0)
==41865==    by 0x49A7F47: PyDict_SetDefault (in /usr/lib/aarch64-linux-gnu/libpython3.10.so.1.0)
==41865==    by 0x49D2D97: PyType_Ready (in /usr/lib/aarch64-linux-gnu/libpython3.10.so.1.0)
==41865==    by 0x49BA4EB: ??? (in /usr/lib/aarch64-linux-gnu/libpython3.10.so.1.0)
==41865==    by 0x4A821D3: ??? (in /usr/lib/aarch64-linux-gnu/libpython3.10.so.1.0)
==41865==    by 0x4B924B3: ??? (in /usr/lib/aarch64-linux-gnu/libpython3.10.so.1.0)
==41865==    by 0x4A8540F: Py_InitializeFromConfig (in /usr/lib/aarch64-linux-gnu/libpython3.10.so.1.0)
==41865==    by 0x4A87567: Py_InitializeEx (in /usr/lib/aarch64-linux-gnu/libpython3.10.so.1.0)
==41865==    by 0x1087EF: main (test.c:4)
==41865== 
==41865== 1,112 bytes in 1 blocks are still reachable in loss record 65 of 90
==41865==    at 0x4865058: malloc (in /usr/libexec/valgrind/vgpreload_memcheck-arm64-linux.so)
==41865==    by 0x49BDA1F: ??? (in /usr/lib/aarch64-linux-gnu/libpython3.10.so.1.0)
==41865==    by 0x49A209F: ??? (in /usr/lib/aarch64-linux-gnu/libpython3.10.so.1.0)
==41865==    by 0x49A2253: ??? (in /usr/lib/aarch64-linux-gnu/libpython3.10.so.1.0)
==41865==    by 0x49A7F47: PyDict_SetDefault (in /usr/lib/aarch64-linux-gnu/libpython3.10.so.1.0)
==41865==    by 0x49D2E0B: PyType_Ready (in /usr/lib/aarch64-linux-gnu/libpython3.10.so.1.0)
==41865==    by 0x49BA52B: ??? (in /usr/lib/aarch64-linux-gnu/libpython3.10.so.1.0)
==41865==    by 0x4A821D3: ??? (in /usr/lib/aarch64-linux-gnu/libpython3.10.so.1.0)
==41865==    by 0x4B924B3: ??? (in /usr/lib/aarch64-linux-gnu/libpython3.10.so.1.0)
==41865==    by 0x4A8540F: Py_InitializeFromConfig (in /usr/lib/aarch64-linux-gnu/libpython3.10.so.1.0)
==41865==    by 0x4A87567: Py_InitializeEx (in /usr/lib/aarch64-linux-gnu/libpython3.10.so.1.0)
==41865==    by 0x1087EF: main (test.c:4)
==41865== 
==41865== 1,112 bytes in 1 blocks are still reachable in loss record 66 of 90
==41865==    at 0x4865058: malloc (in /usr/libexec/valgrind/vgpreload_memcheck-arm64-linux.so)
==41865==    by 0x49BDA1F: ??? (in /usr/lib/aarch64-linux-gnu/libpython3.10.so.1.0)
==41865==    by 0x49A209F: ??? (in /usr/lib/aarch64-linux-gnu/libpython3.10.so.1.0)
==41865==    by 0x49A2253: ??? (in /usr/lib/aarch64-linux-gnu/libpython3.10.so.1.0)
==41865==    by 0x49A310F: ??? (in /usr/lib/aarch64-linux-gnu/libpython3.10.so.1.0)
==41865==    by 0x49D2ED3: PyType_Ready (in /usr/lib/aarch64-linux-gnu/libpython3.10.so.1.0)
==41865==    by 0x49BA5EB: ??? (in /usr/lib/aarch64-linux-gnu/libpython3.10.so.1.0)
==41865==    by 0x4A821D3: ??? (in /usr/lib/aarch64-linux-gnu/libpython3.10.so.1.0)
==41865==    by 0x4B924B3: ??? (in /usr/lib/aarch64-linux-gnu/libpython3.10.so.1.0)
==41865==    by 0x4A8540F: Py_InitializeFromConfig (in /usr/lib/aarch64-linux-gnu/libpython3.10.so.1.0)
==41865==    by 0x4A87567: Py_InitializeEx (in /usr/lib/aarch64-linux-gnu/libpython3.10.so.1.0)
==41865==    by 0x1087EF: main (test.c:4)
==41865== 
==41865== 1,112 bytes in 1 blocks are still reachable in loss record 67 of 90
==41865==    at 0x4865058: malloc (in /usr/libexec/valgrind/vgpreload_memcheck-arm64-linux.so)
==41865==    by 0x49BDA1F: ??? (in /usr/lib/aarch64-linux-gnu/libpython3.10.so.1.0)
==41865==    by 0x49A209F: ??? (in /usr/lib/aarch64-linux-gnu/libpython3.10.so.1.0)
==41865==    by 0x49A2253: ??? (in /usr/lib/aarch64-linux-gnu/libpython3.10.so.1.0)
==41865==    by 0x49A7F47: PyDict_SetDefault (in /usr/lib/aarch64-linux-gnu/libpython3.10.so.1.0)
==41865==    by 0x49D2E63: PyType_Ready (in /usr/lib/aarch64-linux-gnu/libpython3.10.so.1.0)
==41865==    by 0x49BA62B: ??? (in /usr/lib/aarch64-linux-gnu/libpython3.10.so.1.0)
==41865==    by 0x4A821D3: ??? (in /usr/lib/aarch64-linux-gnu/libpython3.10.so.1.0)
==41865==    by 0x4B924B3: ??? (in /usr/lib/aarch64-linux-gnu/libpython3.10.so.1.0)
==41865==    by 0x4A8540F: Py_InitializeFromConfig (in /usr/lib/aarch64-linux-gnu/libpython3.10.so.1.0)
==41865==    by 0x4A87567: Py_InitializeEx (in /usr/lib/aarch64-linux-gnu/libpython3.10.so.1.0)
==41865==    by 0x1087EF: main (test.c:4)
==41865== 
==41865== 1,112 bytes in 1 blocks are still reachable in loss record 68 of 90
==41865==    at 0x4865058: malloc (in /usr/libexec/valgrind/vgpreload_memcheck-arm64-linux.so)
==41865==    by 0x49BDA1F: ??? (in /usr/lib/aarch64-linux-gnu/libpython3.10.so.1.0)
==41865==    by 0x49A209F: ??? (in /usr/lib/aarch64-linux-gnu/libpython3.10.so.1.0)
==41865==    by 0x49A2253: ??? (in /usr/lib/aarch64-linux-gnu/libpython3.10.so.1.0)
==41865==    by 0x49A310F: ??? (in /usr/lib/aarch64-linux-gnu/libpython3.10.so.1.0)
==41865==    by 0x49A977F: PyDict_SetItemString (in /usr/lib/aarch64-linux-gnu/libpython3.10.so.1.0)
==41865==    by 0x49C976F: ??? (in /usr/lib/aarch64-linux-gnu/libpython3.10.so.1.0)
==41865==    by 0x49C9A73: _PyStructSequence_InitType (in /usr/lib/aarch64-linux-gnu/libpython3.10.so.1.0)
==41865==    by 0x4A831AB: ??? (in /usr/lib/aarch64-linux-gnu/libpython3.10.so.1.0)
==41865==    by 0x4B924B3: ??? (in /usr/lib/aarch64-linux-gnu/libpython3.10.so.1.0)
==41865==    by 0x4A8540F: Py_InitializeFromConfig (in /usr/lib/aarch64-linux-gnu/libpython3.10.so.1.0)
==41865==    by 0x4A87567: Py_InitializeEx (in /usr/lib/aarch64-linux-gnu/libpython3.10.so.1.0)
==41865== 
==41865== 1,112 bytes in 1 blocks are still reachable in loss record 69 of 90
==41865==    at 0x4865058: malloc (in /usr/libexec/valgrind/vgpreload_memcheck-arm64-linux.so)
==41865==    by 0x49BDA1F: ??? (in /usr/lib/aarch64-linux-gnu/libpython3.10.so.1.0)
==41865==    by 0x49A209F: ??? (in /usr/lib/aarch64-linux-gnu/libpython3.10.so.1.0)
==41865==    by 0x49A2253: ??? (in /usr/lib/aarch64-linux-gnu/libpython3.10.so.1.0)
==41865==    by 0x49A7F47: PyDict_SetDefault (in /usr/lib/aarch64-linux-gnu/libpython3.10.so.1.0)
==41865==    by 0x49D2D97: PyType_Ready (in /usr/lib/aarch64-linux-gnu/libpython3.10.so.1.0)
==41865==    by 0x4A7F2AB: PyModule_AddType (in /usr/lib/aarch64-linux-gnu/libpython3.10.so.1.0)
==41865==    by 0x4ADA1C3: PyInit__io (in /usr/lib/aarch64-linux-gnu/libpython3.10.so.1.0)
==41865==    by 0x4B97CCB: ??? (in /usr/lib/aarch64-linux-gnu/libpython3.10.so.1.0)
==41865==    by 0x4A6F923: ??? (in /usr/lib/aarch64-linux-gnu/libpython3.10.so.1.0)
==41865==    by 0x49B544F: ??? (in /usr/lib/aarch64-linux-gnu/libpython3.10.so.1.0)
==41865==    by 0x49015D7: _PyEval_EvalFrameDefault (in /usr/lib/aarch64-linux-gnu/libpython3.10.so.1.0)
==41865== 
==41865== 1,112 bytes in 1 blocks are still reachable in loss record 70 of 90
==41865==    at 0x4865058: malloc (in /usr/libexec/valgrind/vgpreload_memcheck-arm64-linux.so)
==41865==    by 0x49BDA1F: ??? (in /usr/lib/aarch64-linux-gnu/libpython3.10.so.1.0)
==41865==    by 0x49A209F: ??? (in /usr/lib/aarch64-linux-gnu/libpython3.10.so.1.0)
==41865==    by 0x49A2253: ??? (in /usr/lib/aarch64-linux-gnu/libpython3.10.so.1.0)
==41865==    by 0x49A7F47: PyDict_SetDefault (in /usr/lib/aarch64-linux-gnu/libpython3.10.so.1.0)
==41865==    by 0x49D2E63: PyType_Ready (in /usr/lib/aarch64-linux-gnu/libpython3.10.so.1.0)
==41865==    by 0x4A7F2AB: PyModule_AddType (in /usr/lib/aarch64-linux-gnu/libpython3.10.so.1.0)
==41865==    by 0x4ADA20F: PyInit__io (in /usr/lib/aarch64-linux-gnu/libpython3.10.so.1.0)
==41865==    by 0x4B97CCB: ??? (in /usr/lib/aarch64-linux-gnu/libpython3.10.so.1.0)
==41865==    by 0x4A6F923: ??? (in /usr/lib/aarch64-linux-gnu/libpython3.10.so.1.0)
==41865==    by 0x49B544F: ??? (in /usr/lib/aarch64-linux-gnu/libpython3.10.so.1.0)
==41865==    by 0x49015D7: _PyEval_EvalFrameDefault (in /usr/lib/aarch64-linux-gnu/libpython3.10.so.1.0)
==41865== 
==41865== 1,112 bytes in 1 blocks are still reachable in loss record 71 of 90
==41865==    at 0x4865058: malloc (in /usr/libexec/valgrind/vgpreload_memcheck-arm64-linux.so)
==41865==    by 0x49BDA1F: ??? (in /usr/lib/aarch64-linux-gnu/libpython3.10.so.1.0)
==41865==    by 0x49A209F: ??? (in /usr/lib/aarch64-linux-gnu/libpython3.10.so.1.0)
==41865==    by 0x49A2253: ??? (in /usr/lib/aarch64-linux-gnu/libpython3.10.so.1.0)
==41865==    by 0x49A7F47: PyDict_SetDefault (in /usr/lib/aarch64-linux-gnu/libpython3.10.so.1.0)
==41865==    by 0x49D2D97: PyType_Ready (in /usr/lib/aarch64-linux-gnu/libpython3.10.so.1.0)
==41865==    by 0x4A7F2AB: PyModule_AddType (in /usr/lib/aarch64-linux-gnu/libpython3.10.so.1.0)
==41865==    by 0x4ADA22F: PyInit__io (in /usr/lib/aarch64-linux-gnu/libpython3.10.so.1.0)
==41865==    by 0x4B97CCB: ??? (in /usr/lib/aarch64-linux-gnu/libpython3.10.so.1.0)
==41865==    by 0x4A6F923: ??? (in /usr/lib/aarch64-linux-gnu/libpython3.10.so.1.0)
==41865==    by 0x49B544F: ??? (in /usr/lib/aarch64-linux-gnu/libpython3.10.so.1.0)
==41865==    by 0x49015D7: _PyEval_EvalFrameDefault (in /usr/lib/aarch64-linux-gnu/libpython3.10.so.1.0)
==41865== 
==41865== 1,112 bytes in 1 blocks are still reachable in loss record 72 of 90
==41865==    at 0x4865058: malloc (in /usr/libexec/valgrind/vgpreload_memcheck-arm64-linux.so)
==41865==    by 0x49BDA1F: ??? (in /usr/lib/aarch64-linux-gnu/libpython3.10.so.1.0)
==41865==    by 0x49A209F: ??? (in /usr/lib/aarch64-linux-gnu/libpython3.10.so.1.0)
==41865==    by 0x49A2253: ??? (in /usr/lib/aarch64-linux-gnu/libpython3.10.so.1.0)
==41865==    by 0x49A7F47: PyDict_SetDefault (in /usr/lib/aarch64-linux-gnu/libpython3.10.so.1.0)
==41865==    by 0x49D2D97: PyType_Ready (in /usr/lib/aarch64-linux-gnu/libpython3.10.so.1.0)
==41865==    by 0x4A7F2AB: PyModule_AddType (in /usr/lib/aarch64-linux-gnu/libpython3.10.so.1.0)
==41865==    by 0x4ADA26B: PyInit__io (in /usr/lib/aarch64-linux-gnu/libpython3.10.so.1.0)
==41865==    by 0x4B97CCB: ??? (in /usr/lib/aarch64-linux-gnu/libpython3.10.so.1.0)
==41865==    by 0x4A6F923: ??? (in /usr/lib/aarch64-linux-gnu/libpython3.10.so.1.0)
==41865==    by 0x49B544F: ??? (in /usr/lib/aarch64-linux-gnu/libpython3.10.so.1.0)
==41865==    by 0x49015D7: _PyEval_EvalFrameDefault (in /usr/lib/aarch64-linux-gnu/libpython3.10.so.1.0)
==41865== 
==41865== 1,112 bytes in 1 blocks are still reachable in loss record 73 of 90
==41865==    at 0x4865058: malloc (in /usr/libexec/valgrind/vgpreload_memcheck-arm64-linux.so)
==41865==    by 0x49BDA1F: ??? (in /usr/lib/aarch64-linux-gnu/libpython3.10.so.1.0)
==41865==    by 0x49A209F: ??? (in /usr/lib/aarch64-linux-gnu/libpython3.10.so.1.0)
==41865==    by 0x49A2253: ??? (in /usr/lib/aarch64-linux-gnu/libpython3.10.so.1.0)
==41865==    by 0x49A310F: ??? (in /usr/lib/aarch64-linux-gnu/libpython3.10.so.1.0)
==41865==    by 0x49D2ED3: PyType_Ready (in /usr/lib/aarch64-linux-gnu/libpython3.10.so.1.0)
==41865==    by 0x4A7F2AB: PyModule_AddType (in /usr/lib/aarch64-linux-gnu/libpython3.10.so.1.0)
==41865==    by 0x4ADA27F: PyInit__io (in /usr/lib/aarch64-linux-gnu/libpython3.10.so.1.0)
==41865==    by 0x4B97CCB: ??? (in /usr/lib/aarch64-linux-gnu/libpython3.10.so.1.0)
==41865==    by 0x4A6F923: ??? (in /usr/lib/aarch64-linux-gnu/libpython3.10.so.1.0)
==41865==    by 0x49B544F: ??? (in /usr/lib/aarch64-linux-gnu/libpython3.10.so.1.0)
==41865==    by 0x49015D7: _PyEval_EvalFrameDefault (in /usr/lib/aarch64-linux-gnu/libpython3.10.so.1.0)
==41865== 
==41865== 1,112 bytes in 1 blocks are still reachable in loss record 74 of 90
==41865==    at 0x4865058: malloc (in /usr/libexec/valgrind/vgpreload_memcheck-arm64-linux.so)
==41865==    by 0x49BDA1F: ??? (in /usr/lib/aarch64-linux-gnu/libpython3.10.so.1.0)
==41865==    by 0x49A209F: ??? (in /usr/lib/aarch64-linux-gnu/libpython3.10.so.1.0)
==41865==    by 0x49A2253: ??? (in /usr/lib/aarch64-linux-gnu/libpython3.10.so.1.0)
==41865==    by 0x49A7F47: PyDict_SetDefault (in /usr/lib/aarch64-linux-gnu/libpython3.10.so.1.0)
==41865==    by 0x49D2D97: PyType_Ready (in /usr/lib/aarch64-linux-gnu/libpython3.10.so.1.0)
==41865==    by 0x4A7F2AB: PyModule_AddType (in /usr/lib/aarch64-linux-gnu/libpython3.10.so.1.0)
==41865==    by 0x4ADA2A7: PyInit__io (in /usr/lib/aarch64-linux-gnu/libpython3.10.so.1.0)
==41865==    by 0x4B97CCB: ??? (in /usr/lib/aarch64-linux-gnu/libpython3.10.so.1.0)
==41865==    by 0x4A6F923: ??? (in /usr/lib/aarch64-linux-gnu/libpython3.10.so.1.0)
==41865==    by 0x49B544F: ??? (in /usr/lib/aarch64-linux-gnu/libpython3.10.so.1.0)
==41865==    by 0x49015D7: _PyEval_EvalFrameDefault (in /usr/lib/aarch64-linux-gnu/libpython3.10.so.1.0)
==41865== 
==41865== 1,112 bytes in 1 blocks are still reachable in loss record 75 of 90
==41865==    at 0x4865058: malloc (in /usr/libexec/valgrind/vgpreload_memcheck-arm64-linux.so)
==41865==    by 0x49BDA1F: ??? (in /usr/lib/aarch64-linux-gnu/libpython3.10.so.1.0)
==41865==    by 0x49A209F: ??? (in /usr/lib/aarch64-linux-gnu/libpython3.10.so.1.0)
==41865==    by 0x49A2253: ??? (in /usr/lib/aarch64-linux-gnu/libpython3.10.so.1.0)
==41865==    by 0x49A7F47: PyDict_SetDefault (in /usr/lib/aarch64-linux-gnu/libpython3.10.so.1.0)
==41865==    by 0x49D2E0B: PyType_Ready (in /usr/lib/aarch64-linux-gnu/libpython3.10.so.1.0)
==41865==    by 0x4A7F2AB: PyModule_AddType (in /usr/lib/aarch64-linux-gnu/libpython3.10.so.1.0)
==41865==    by 0x4ADA2BB: PyInit__io (in /usr/lib/aarch64-linux-gnu/libpython3.10.so.1.0)
==41865==    by 0x4B97CCB: ??? (in /usr/lib/aarch64-linux-gnu/libpython3.10.so.1.0)
==41865==    by 0x4A6F923: ??? (in /usr/lib/aarch64-linux-gnu/libpython3.10.so.1.0)
==41865==    by 0x49B544F: ??? (in /usr/lib/aarch64-linux-gnu/libpython3.10.so.1.0)
==41865==    by 0x49015D7: _PyEval_EvalFrameDefault (in /usr/lib/aarch64-linux-gnu/libpython3.10.so.1.0)
==41865== 
==41865== 1,284 bytes in 1 blocks are still reachable in loss record 76 of 90
==41865==    at 0x4865058: malloc (in /usr/libexec/valgrind/vgpreload_memcheck-arm64-linux.so)
==41865==    by 0x49BDA1F: ??? (in /usr/lib/aarch64-linux-gnu/libpython3.10.so.1.0)
==41865==    by 0x49E063F: PyUnicode_New (in /usr/lib/aarch64-linux-gnu/libpython3.10.so.1.0)
==41865==    by 0x49ED967: ??? (in /usr/lib/aarch64-linux-gnu/libpython3.10.so.1.0)
==41865==    by 0x49D2EBB: PyType_Ready (in /usr/lib/aarch64-linux-gnu/libpython3.10.so.1.0)
==41865==    by 0x4A7F2AB: PyModule_AddType (in /usr/lib/aarch64-linux-gnu/libpython3.10.so.1.0)
==41865==    by 0x4ADA1C3: PyInit__io (in /usr/lib/aarch64-linux-gnu/libpython3.10.so.1.0)
==41865==    by 0x4B97CCB: ??? (in /usr/lib/aarch64-linux-gnu/libpython3.10.so.1.0)
==41865==    by 0x4A6F923: ??? (in /usr/lib/aarch64-linux-gnu/libpython3.10.so.1.0)
==41865==    by 0x49B544F: ??? (in /usr/lib/aarch64-linux-gnu/libpython3.10.so.1.0)
==41865==    by 0x49015D7: _PyEval_EvalFrameDefault (in /usr/lib/aarch64-linux-gnu/libpython3.10.so.1.0)
==41865==    by 0x4A48BF3: ??? (in /usr/lib/aarch64-linux-gnu/libpython3.10.so.1.0)
==41865== 
==41865== 1,332 bytes in 2 blocks are still reachable in loss record 77 of 90
==41865==    at 0x4865058: malloc (in /usr/libexec/valgrind/vgpreload_memcheck-arm64-linux.so)
==41865==    by 0x49BDA1F: ??? (in /usr/lib/aarch64-linux-gnu/libpython3.10.so.1.0)
==41865==    by 0x49E063F: PyUnicode_New (in /usr/lib/aarch64-linux-gnu/libpython3.10.so.1.0)
==41865==    by 0x49ED967: ??? (in /usr/lib/aarch64-linux-gnu/libpython3.10.so.1.0)
==41865==    by 0x49D2EBB: PyType_Ready (in /usr/lib/aarch64-linux-gnu/libpython3.10.so.1.0)
==41865==    by 0x4A7F2AB: PyModule_AddType (in /usr/lib/aarch64-linux-gnu/libpython3.10.so.1.0)
==41865==    by 0x4B29153: ??? (in /usr/lib/aarch64-linux-gnu/libpython3.10.so.1.0)
==41865==    by 0x49B37DF: PyModule_ExecDef (in /usr/lib/aarch64-linux-gnu/libpython3.10.so.1.0)
==41865==    by 0x4A6DF93: ??? (in /usr/lib/aarch64-linux-gnu/libpython3.10.so.1.0)
==41865==    by 0x49B544F: ??? (in /usr/lib/aarch64-linux-gnu/libpython3.10.so.1.0)
==41865==    by 0x49015D7: _PyEval_EvalFrameDefault (in /usr/lib/aarch64-linux-gnu/libpython3.10.so.1.0)
==41865==    by 0x4A48BF3: ??? (in /usr/lib/aarch64-linux-gnu/libpython3.10.so.1.0)
==41865== 
==41865== 1,393 bytes in 1 blocks are still reachable in loss record 78 of 90
==41865==    at 0x4865058: malloc (in /usr/libexec/valgrind/vgpreload_memcheck-arm64-linux.so)
==41865==    by 0x49BDA1F: ??? (in /usr/lib/aarch64-linux-gnu/libpython3.10.so.1.0)
==41865==    by 0x49E063F: PyUnicode_New (in /usr/lib/aarch64-linux-gnu/libpython3.10.so.1.0)
==41865==    by 0x49ED967: ??? (in /usr/lib/aarch64-linux-gnu/libpython3.10.so.1.0)
==41865==    by 0x49D2EBB: PyType_Ready (in /usr/lib/aarch64-linux-gnu/libpython3.10.so.1.0)
==41865==    by 0x4A7F2AB: PyModule_AddType (in /usr/lib/aarch64-linux-gnu/libpython3.10.so.1.0)
==41865==    by 0x4ADA2BB: PyInit__io (in /usr/lib/aarch64-linux-gnu/libpython3.10.so.1.0)
==41865==    by 0x4B97CCB: ??? (in /usr/lib/aarch64-linux-gnu/libpython3.10.so.1.0)
==41865==    by 0x4A6F923: ??? (in /usr/lib/aarch64-linux-gnu/libpython3.10.so.1.0)
==41865==    by 0x49B544F: ??? (in /usr/lib/aarch64-linux-gnu/libpython3.10.so.1.0)
==41865==    by 0x49015D7: _PyEval_EvalFrameDefault (in /usr/lib/aarch64-linux-gnu/libpython3.10.so.1.0)
==41865==    by 0x4A48BF3: ??? (in /usr/lib/aarch64-linux-gnu/libpython3.10.so.1.0)
==41865== 
==41865== 2,208 bytes in 1 blocks are still reachable in loss record 79 of 90
==41865==    at 0x4865058: malloc (in /usr/libexec/valgrind/vgpreload_memcheck-arm64-linux.so)
==41865==    by 0x49BDA1F: ??? (in /usr/lib/aarch64-linux-gnu/libpython3.10.so.1.0)
==41865==    by 0x49A209F: ??? (in /usr/lib/aarch64-linux-gnu/libpython3.10.so.1.0)
==41865==    by 0x49A2253: ??? (in /usr/lib/aarch64-linux-gnu/libpython3.10.so.1.0)
==41865==    by 0x49A310F: ??? (in /usr/lib/aarch64-linux-gnu/libpython3.10.so.1.0)
==41865==    by 0x49D2D23: PyType_Ready (in /usr/lib/aarch64-linux-gnu/libpython3.10.so.1.0)
==41865==    by 0x49D433B: PyType_Ready (in /usr/lib/aarch64-linux-gnu/libpython3.10.so.1.0)
==41865==    by 0x49BA1CB: ??? (in /usr/lib/aarch64-linux-gnu/libpython3.10.so.1.0)
==41865==    by 0x4A821D3: ??? (in /usr/lib/aarch64-linux-gnu/libpython3.10.so.1.0)
==41865==    by 0x4B924B3: ??? (in /usr/lib/aarch64-linux-gnu/libpython3.10.so.1.0)
==41865==    by 0x4A8540F: Py_InitializeFromConfig (in /usr/lib/aarch64-linux-gnu/libpython3.10.so.1.0)
==41865==    by 0x4A87567: Py_InitializeEx (in /usr/lib/aarch64-linux-gnu/libpython3.10.so.1.0)
==41865== 
==41865== 2,208 bytes in 1 blocks are still reachable in loss record 80 of 90
==41865==    at 0x4865058: malloc (in /usr/libexec/valgrind/vgpreload_memcheck-arm64-linux.so)
==41865==    by 0x49BDA1F: ??? (in /usr/lib/aarch64-linux-gnu/libpython3.10.so.1.0)
==41865==    by 0x49A209F: ??? (in /usr/lib/aarch64-linux-gnu/libpython3.10.so.1.0)
==41865==    by 0x49A2253: ??? (in /usr/lib/aarch64-linux-gnu/libpython3.10.so.1.0)
==41865==    by 0x49A7F47: PyDict_SetDefault (in /usr/lib/aarch64-linux-gnu/libpython3.10.so.1.0)
==41865==    by 0x49D2D97: PyType_Ready (in /usr/lib/aarch64-linux-gnu/libpython3.10.so.1.0)
==41865==    by 0x49BA1EB: ??? (in /usr/lib/aarch64-linux-gnu/libpython3.10.so.1.0)
==41865==    by 0x4A821D3: ??? (in /usr/lib/aarch64-linux-gnu/libpython3.10.so.1.0)
==41865==    by 0x4B924B3: ??? (in /usr/lib/aarch64-linux-gnu/libpython3.10.so.1.0)
==41865==    by 0x4A8540F: Py_InitializeFromConfig (in /usr/lib/aarch64-linux-gnu/libpython3.10.so.1.0)
==41865==    by 0x4A87567: Py_InitializeEx (in /usr/lib/aarch64-linux-gnu/libpython3.10.so.1.0)
==41865==    by 0x1087EF: main (test.c:4)
==41865== 
==41865== 2,208 bytes in 1 blocks are still reachable in loss record 81 of 90
==41865==    at 0x4865058: malloc (in /usr/libexec/valgrind/vgpreload_memcheck-arm64-linux.so)
==41865==    by 0x49BDA1F: ??? (in /usr/lib/aarch64-linux-gnu/libpython3.10.so.1.0)
==41865==    by 0x49A209F: ??? (in /usr/lib/aarch64-linux-gnu/libpython3.10.so.1.0)
==41865==    by 0x49A2253: ??? (in /usr/lib/aarch64-linux-gnu/libpython3.10.so.1.0)
==41865==    by 0x49A7F47: PyDict_SetDefault (in /usr/lib/aarch64-linux-gnu/libpython3.10.so.1.0)
==41865==    by 0x49D2D97: PyType_Ready (in /usr/lib/aarch64-linux-gnu/libpython3.10.so.1.0)
==41865==    by 0x49BA20B: ??? (in /usr/lib/aarch64-linux-gnu/libpython3.10.so.1.0)
==41865==    by 0x4A821D3: ??? (in /usr/lib/aarch64-linux-gnu/libpython3.10.so.1.0)
==41865==    by 0x4B924B3: ??? (in /usr/lib/aarch64-linux-gnu/libpython3.10.so.1.0)
==41865==    by 0x4A8540F: Py_InitializeFromConfig (in /usr/lib/aarch64-linux-gnu/libpython3.10.so.1.0)
==41865==    by 0x4A87567: Py_InitializeEx (in /usr/lib/aarch64-linux-gnu/libpython3.10.so.1.0)
==41865==    by 0x1087EF: main (test.c:4)
==41865== 
==41865== 2,208 bytes in 1 blocks are still reachable in loss record 82 of 90
==41865==    at 0x4865058: malloc (in /usr/libexec/valgrind/vgpreload_memcheck-arm64-linux.so)
==41865==    by 0x49BDA1F: ??? (in /usr/lib/aarch64-linux-gnu/libpython3.10.so.1.0)
==41865==    by 0x49A209F: ??? (in /usr/lib/aarch64-linux-gnu/libpython3.10.so.1.0)
==41865==    by 0x49A2253: ??? (in /usr/lib/aarch64-linux-gnu/libpython3.10.so.1.0)
==41865==    by 0x49A7F47: PyDict_SetDefault (in /usr/lib/aarch64-linux-gnu/libpython3.10.so.1.0)
==41865==    by 0x49D2D97: PyType_Ready (in /usr/lib/aarch64-linux-gnu/libpython3.10.so.1.0)
==41865==    by 0x49BA38B: ??? (in /usr/lib/aarch64-linux-gnu/libpython3.10.so.1.0)
==41865==    by 0x4A821D3: ??? (in /usr/lib/aarch64-linux-gnu/libpython3.10.so.1.0)
==41865==    by 0x4B924B3: ??? (in /usr/lib/aarch64-linux-gnu/libpython3.10.so.1.0)
==41865==    by 0x4A8540F: Py_InitializeFromConfig (in /usr/lib/aarch64-linux-gnu/libpython3.10.so.1.0)
==41865==    by 0x4A87567: Py_InitializeEx (in /usr/lib/aarch64-linux-gnu/libpython3.10.so.1.0)
==41865==    by 0x1087EF: main (test.c:4)
==41865== 
==41865== 2,208 bytes in 1 blocks are still reachable in loss record 83 of 90
==41865==    at 0x4865058: malloc (in /usr/libexec/valgrind/vgpreload_memcheck-arm64-linux.so)
==41865==    by 0x49BDA1F: ??? (in /usr/lib/aarch64-linux-gnu/libpython3.10.so.1.0)
==41865==    by 0x49A209F: ??? (in /usr/lib/aarch64-linux-gnu/libpython3.10.so.1.0)
==41865==    by 0x49A2253: ??? (in /usr/lib/aarch64-linux-gnu/libpython3.10.so.1.0)
==41865==    by 0x49A7F47: PyDict_SetDefault (in /usr/lib/aarch64-linux-gnu/libpython3.10.so.1.0)
==41865==    by 0x49D2D97: PyType_Ready (in /usr/lib/aarch64-linux-gnu/libpython3.10.so.1.0)
==41865==    by 0x49BA57B: ??? (in /usr/lib/aarch64-linux-gnu/libpython3.10.so.1.0)
==41865==    by 0x4A821D3: ??? (in /usr/lib/aarch64-linux-gnu/libpython3.10.so.1.0)
==41865==    by 0x4B924B3: ??? (in /usr/lib/aarch64-linux-gnu/libpython3.10.so.1.0)
==41865==    by 0x4A8540F: Py_InitializeFromConfig (in /usr/lib/aarch64-linux-gnu/libpython3.10.so.1.0)
==41865==    by 0x4A87567: Py_InitializeEx (in /usr/lib/aarch64-linux-gnu/libpython3.10.so.1.0)
==41865==    by 0x1087EF: main (test.c:4)
==41865== 
==41865== 2,208 bytes in 1 blocks are still reachable in loss record 84 of 90
==41865==    at 0x4865058: malloc (in /usr/libexec/valgrind/vgpreload_memcheck-arm64-linux.so)
==41865==    by 0x49BDA1F: ??? (in /usr/lib/aarch64-linux-gnu/libpython3.10.so.1.0)
==41865==    by 0x49A209F: ??? (in /usr/lib/aarch64-linux-gnu/libpython3.10.so.1.0)
==41865==    by 0x49A2253: ??? (in /usr/lib/aarch64-linux-gnu/libpython3.10.so.1.0)
==41865==    by 0x49A7F47: PyDict_SetDefault (in /usr/lib/aarch64-linux-gnu/libpython3.10.so.1.0)
==41865==    by 0x49D2D97: PyType_Ready (in /usr/lib/aarch64-linux-gnu/libpython3.10.so.1.0)
==41865==    by 0x49BA60B: ??? (in /usr/lib/aarch64-linux-gnu/libpython3.10.so.1.0)
==41865==    by 0x4A821D3: ??? (in /usr/lib/aarch64-linux-gnu/libpython3.10.so.1.0)
==41865==    by 0x4B924B3: ??? (in /usr/lib/aarch64-linux-gnu/libpython3.10.so.1.0)
==41865==    by 0x4A8540F: Py_InitializeFromConfig (in /usr/lib/aarch64-linux-gnu/libpython3.10.so.1.0)
==41865==    by 0x4A87567: Py_InitializeEx (in /usr/lib/aarch64-linux-gnu/libpython3.10.so.1.0)
==41865==    by 0x1087EF: main (test.c:4)
==41865== 
==41865== 2,208 bytes in 1 blocks are still reachable in loss record 85 of 90
==41865==    at 0x4865058: malloc (in /usr/libexec/valgrind/vgpreload_memcheck-arm64-linux.so)
==41865==    by 0x49BDA1F: ??? (in /usr/lib/aarch64-linux-gnu/libpython3.10.so.1.0)
==41865==    by 0x49A209F: ??? (in /usr/lib/aarch64-linux-gnu/libpython3.10.so.1.0)
==41865==    by 0x49A2253: ??? (in /usr/lib/aarch64-linux-gnu/libpython3.10.so.1.0)
==41865==    by 0x49A310F: ??? (in /usr/lib/aarch64-linux-gnu/libpython3.10.so.1.0)
==41865==    by 0x49D2D23: PyType_Ready (in /usr/lib/aarch64-linux-gnu/libpython3.10.so.1.0)
==41865==    by 0x49BA6EB: ??? (in /usr/lib/aarch64-linux-gnu/libpython3.10.so.1.0)
==41865==    by 0x4A821D3: ??? (in /usr/lib/aarch64-linux-gnu/libpython3.10.so.1.0)
==41865==    by 0x4B924B3: ??? (in /usr/lib/aarch64-linux-gnu/libpython3.10.so.1.0)
==41865==    by 0x4A8540F: Py_InitializeFromConfig (in /usr/lib/aarch64-linux-gnu/libpython3.10.so.1.0)
==41865==    by 0x4A87567: Py_InitializeEx (in /usr/lib/aarch64-linux-gnu/libpython3.10.so.1.0)
==41865==    by 0x1087EF: main (test.c:4)
==41865== 
==41865== 2,208 bytes in 1 blocks are still reachable in loss record 86 of 90
==41865==    at 0x4865058: malloc (in /usr/libexec/valgrind/vgpreload_memcheck-arm64-linux.so)
==41865==    by 0x49BDA1F: ??? (in /usr/lib/aarch64-linux-gnu/libpython3.10.so.1.0)
==41865==    by 0x49A209F: ??? (in /usr/lib/aarch64-linux-gnu/libpython3.10.so.1.0)
==41865==    by 0x49A2253: ??? (in /usr/lib/aarch64-linux-gnu/libpython3.10.so.1.0)
==41865==    by 0x49A310F: ??? (in /usr/lib/aarch64-linux-gnu/libpython3.10.so.1.0)
==41865==    by 0x49D2D23: PyType_Ready (in /usr/lib/aarch64-linux-gnu/libpython3.10.so.1.0)
==41865==    by 0x49BA6FB: ??? (in /usr/lib/aarch64-linux-gnu/libpython3.10.so.1.0)
==41865==    by 0x4A821D3: ??? (in /usr/lib/aarch64-linux-gnu/libpython3.10.so.1.0)
==41865==    by 0x4B924B3: ??? (in /usr/lib/aarch64-linux-gnu/libpython3.10.so.1.0)
==41865==    by 0x4A8540F: Py_InitializeFromConfig (in /usr/lib/aarch64-linux-gnu/libpython3.10.so.1.0)
==41865==    by 0x4A87567: Py_InitializeEx (in /usr/lib/aarch64-linux-gnu/libpython3.10.so.1.0)
==41865==    by 0x1087EF: main (test.c:4)
==41865== 
==41865== 2,208 bytes in 1 blocks are still reachable in loss record 87 of 90
==41865==    at 0x4865058: malloc (in /usr/libexec/valgrind/vgpreload_memcheck-arm64-linux.so)
==41865==    by 0x49BDA1F: ??? (in /usr/lib/aarch64-linux-gnu/libpython3.10.so.1.0)
==41865==    by 0x49A209F: ??? (in /usr/lib/aarch64-linux-gnu/libpython3.10.so.1.0)
==41865==    by 0x49A2253: ??? (in /usr/lib/aarch64-linux-gnu/libpython3.10.so.1.0)
==41865==    by 0x49A7F47: PyDict_SetDefault (in /usr/lib/aarch64-linux-gnu/libpython3.10.so.1.0)
==41865==    by 0x49D2E63: PyType_Ready (in /usr/lib/aarch64-linux-gnu/libpython3.10.so.1.0)
==41865==    by 0x4A7F2AB: PyModule_AddType (in /usr/lib/aarch64-linux-gnu/libpython3.10.so.1.0)
==41865==    by 0x4AB85EF: ??? (in /usr/lib/aarch64-linux-gnu/libpython3.10.so.1.0)
==41865==    by 0x49B37DF: PyModule_ExecDef (in /usr/lib/aarch64-linux-gnu/libpython3.10.so.1.0)
==41865==    by 0x4A6DF93: ??? (in /usr/lib/aarch64-linux-gnu/libpython3.10.so.1.0)
==41865==    by 0x49B544F: ??? (in /usr/lib/aarch64-linux-gnu/libpython3.10.so.1.0)
==41865==    by 0x49015D7: _PyEval_EvalFrameDefault (in /usr/lib/aarch64-linux-gnu/libpython3.10.so.1.0)
==41865== 
==41865== 9,248 bytes in 1 blocks are still reachable in loss record 88 of 90
==41865==    at 0x4865058: malloc (in /usr/libexec/valgrind/vgpreload_memcheck-arm64-linux.so)
==41865==    by 0x49BDA1F: ??? (in /usr/lib/aarch64-linux-gnu/libpython3.10.so.1.0)
==41865==    by 0x49A1F8F: ??? (in /usr/lib/aarch64-linux-gnu/libpython3.10.so.1.0)
==41865==    by 0x49A2253: ??? (in /usr/lib/aarch64-linux-gnu/libpython3.10.so.1.0)
==41865==    by 0x49A310F: ??? (in /usr/lib/aarch64-linux-gnu/libpython3.10.so.1.0)
==41865==    by 0x49D2ACF: ??? (in /usr/lib/aarch64-linux-gnu/libpython3.10.so.1.0)
==41865==    by 0x49D335F: PyType_Ready (in /usr/lib/aarch64-linux-gnu/libpython3.10.so.1.0)
==41865==    by 0x49D4C7B: ??? (in /usr/lib/aarch64-linux-gnu/libpython3.10.so.1.0)
==41865==    by 0x49CCA43: ??? (in /usr/lib/aarch64-linux-gnu/libpython3.10.so.1.0)
==41865==    by 0x496EC7F: _PyObject_MakeTpCall (in /usr/lib/aarch64-linux-gnu/libpython3.10.so.1.0)
==41865==    by 0x4970487: _PyObject_FastCallDictTstate (in /usr/lib/aarch64-linux-gnu/libpython3.10.so.1.0)
==41865==    by 0x4A447E3: ??? (in /usr/lib/aarch64-linux-gnu/libpython3.10.so.1.0)
==41865== 
==41865== 131,072 bytes in 1 blocks are still reachable in loss record 89 of 90
==41865==    at 0x4869F34: calloc (in /usr/libexec/valgrind/vgpreload_memcheck-arm64-linux.so)
==41865==    by 0x49B989B: ??? (in /usr/lib/aarch64-linux-gnu/libpython3.10.so.1.0)
==41865==    by 0x49BD6FF: ??? (in /usr/lib/aarch64-linux-gnu/libpython3.10.so.1.0)
==41865==    by 0x49BDA13: ??? (in /usr/lib/aarch64-linux-gnu/libpython3.10.so.1.0)
==41865==    by 0x499553B: _PyLong_New (in /usr/lib/aarch64-linux-gnu/libpython3.10.so.1.0)
==41865==    by 0x4A813D7: ??? (in /usr/lib/aarch64-linux-gnu/libpython3.10.so.1.0)
==41865==    by 0x4B924B3: ??? (in /usr/lib/aarch64-linux-gnu/libpython3.10.so.1.0)
==41865==    by 0x4A8540F: Py_InitializeFromConfig (in /usr/lib/aarch64-linux-gnu/libpython3.10.so.1.0)
==41865==    by 0x4A87567: Py_InitializeEx (in /usr/lib/aarch64-linux-gnu/libpython3.10.so.1.0)
==41865==    by 0x1087EF: main (test.c:4)
==41865== 
==41865== 262,144 bytes in 1 blocks are still reachable in loss record 90 of 90
==41865==    at 0x4869F34: calloc (in /usr/libexec/valgrind/vgpreload_memcheck-arm64-linux.so)
==41865==    by 0x49B98E3: ??? (in /usr/lib/aarch64-linux-gnu/libpython3.10.so.1.0)
==41865==    by 0x49BD6FF: ??? (in /usr/lib/aarch64-linux-gnu/libpython3.10.so.1.0)
==41865==    by 0x49BDA13: ??? (in /usr/lib/aarch64-linux-gnu/libpython3.10.so.1.0)
==41865==    by 0x499553B: _PyLong_New (in /usr/lib/aarch64-linux-gnu/libpython3.10.so.1.0)
==41865==    by 0x4A813D7: ??? (in /usr/lib/aarch64-linux-gnu/libpython3.10.so.1.0)
==41865==    by 0x4B924B3: ??? (in /usr/lib/aarch64-linux-gnu/libpython3.10.so.1.0)
==41865==    by 0x4A8540F: Py_InitializeFromConfig (in /usr/lib/aarch64-linux-gnu/libpython3.10.so.1.0)
==41865==    by 0x4A87567: Py_InitializeEx (in /usr/lib/aarch64-linux-gnu/libpython3.10.so.1.0)
==41865==    by 0x1087EF: main (test.c:4)
==41865== 
==41865== LEAK SUMMARY:
==41865==    definitely lost: 0 bytes in 0 blocks
==41865==    indirectly lost: 0 bytes in 0 blocks
==41865==      possibly lost: 0 bytes in 0 blocks
==41865==    still reachable: 480,154 bytes in 91 blocks
==41865==         suppressed: 0 bytes in 0 blocks
==41865== 
==41865== For lists of detected and suppressed errors, rerun with: -s
==41865== ERROR SUMMARY: 0 errors from 0 contexts (suppressed: 0 from 0)
